 vrad

 Timestamp is 5dccc47c (Wed Nov 13 22:05:32 2019)

 Preferred load address is 00400000

 Start         Length     Name                   Class
 0001:00000000 0000e901H .text$mn                CODE
 0002:00000000 00000148H .idata$5                DATA
 0002:00000148 00000004H .CRT$XCA                DATA
 0002:0000014c 00000004H .CRT$XCZ                DATA
 0002:00000150 00000004H .CRT$XIA                DATA
 0002:00000154 00000010H .CRT$XIC                DATA
 0002:00000164 00000004H .CRT$XIY                DATA
 0002:00000168 00000004H .CRT$XIZ                DATA
 0002:0000016c 00000004H .CRT$XPA                DATA
 0002:00000170 00000008H .CRT$XPX                DATA
 0002:00000178 00000004H .CRT$XPXA               DATA
 0002:0000017c 00000004H .CRT$XPZ                DATA
 0002:00000180 00000004H .CRT$XTA                DATA
 0002:00000184 00000004H .CRT$XTZ                DATA
 0002:00000190 00004618H .rdata                  DATA
 0002:000047a8 00000084H .rdata$debug            DATA
 0002:0000482c 00000000H .rdata$r                DATA
 0002:00004830 0000000cH .rdata$sxdata           DATA
 0002:0000483c 00000004H .rtc$IAA                DATA
 0002:00004840 00000004H .rtc$IZZ                DATA
 0002:00004844 00000004H .rtc$TAA                DATA
 0002:00004848 00000004H .rtc$TZZ                DATA
 0002:00004850 000003dcH .xdata$x                DATA
 0002:00004c30 0000004bH .edata                  DATA
 0002:00004c7c 00000028H .idata$2                DATA
 0002:00004ca4 00000014H .idata$3                DATA
 0002:00004cb8 00000148H .idata$4                DATA
 0002:00004e00 000005eaH .idata$6                DATA
 0003:00000000 000011d8H .data                   DATA
 0003:000011d8 00000000H .data$r                 DATA
 0003:000011e0 000026acH .bss                    DATA

  Address         Publics by Value              Rva+Base       Lib:Object

 0000:00000000       __except_list              00000000     <absolute>
 0000:00000000       ___guard_fids_table        00000000     <absolute>
 0000:00000000       ___guard_fids_count        00000000     <absolute>
 0000:00000000       ___guard_flags             00000000     <absolute>
 0000:00000003       ___safe_se_handler_count   00000003     <absolute>
 0000:00000000       ___ImageBase               00400000     <linker-defined>
 0001:00000000       _main                      00401000 f   vrad_launcher.obj
 0001:00000300       ?Sys_GetFactory@@YAP6APAXPBDPAH@ZPAVCSysModule@@@Z 00401300 f   tier1:interface.obj
 0001:00000320       ?Sys_LoadLibrary@@YAPAUHINSTANCE__@@PBD@Z 00401320 f   tier1:interface.obj
 0001:00000410       ?Sys_LoadModule@@YAPAVCSysModule@@PBD@Z 00401410 f   tier1:interface.obj
 0001:00000520       ?Sys_UnloadModule@@YAXPAVCSysModule@@@Z 00401520 f   tier1:interface.obj
 0001:00000540       ?ThreadedLoadLibraryFunc@@YAIPAX@Z 00401540 f   tier1:interface.obj
 0001:00000560       _CreateInterface           00401560 f   tier1:interface.obj
 0001:000005d0       ?V_FixSlashes@@YAXPADD@Z   004015d0 f   tier1:strtools.obj
 0001:00000600       ?V_IsAbsolutePath@@YA_NPBD@Z 00401600 f   tier1:strtools.obj
 0001:00000630       ?V_StripFilename@@YAXPAD@Z 00401630 f   tier1:strtools.obj
 0001:00000670       ?V_snprintf@@YAHPADHPBDZZ  00401670 f   tier1:strtools.obj
 0001:000006c0       ?V_stristr@@YAPADPADPBD@Z  004016c0 f   tier1:strtools.obj
 0001:000006f0       ?V_stristr@@YAPBDPBD0@Z    004016f0 f   tier1:strtools.obj
 0001:000007a0       ?V_strncat@@YAPADPADPBDIH@Z 004017a0 f   tier1:strtools.obj
 0001:00000830       ?V_strncpy@@YAXPADPBDH@Z   00401830 f   tier1:strtools.obj
 0001:0000086b       __fpmath                   0040186b f   LIBCMT:fpinit.obj
 0001:00000882       __cfltcvt_init             00401882 f   LIBCMT:fpinit.obj
 0001:000008f0       _strncpy                   004018f0 f   LIBCMT:strncpy.obj
 0001:00000a20       _strstr                    00401a20 f   LIBCMT:strstr.obj
 0001:00000c83       __fclose_nolock            00401c83 f   LIBCMT:fclose.obj
 0001:00000cef       _fclose                    00401cef f   LIBCMT:fclose.obj
 0001:00000d66       _fgets                     00401d66 f   LIBCMT:fgets.obj
 0001:00000ea5       __fsopen                   00401ea5 f   LIBCMT:fopen.obj
 0001:00000f69       _fopen                     00401f69 f   LIBCMT:fopen.obj
 0001:00000f7e       __get_printf_count_output  00401f7e f   LIBCMT:printf.obj
 0001:00000f93       _printf                    00401f93 f   LIBCMT:printf.obj
 0001:00001042       __getcwd                   00402042 f   LIBCMT:getcwd.obj
 0001:00001057       __getdcwd                  00402057 f   LIBCMT:getcwd.obj
 0001:00001173       __validdrive               00402173 f   LIBCMT:getcwd.obj
 0001:0000136a       _mainCRTStartup            0040236a f   LIBCMT:crt0.obj
 0001:00001374       __vsnprintf                00402374 f   LIBCMT:vsnprint.obj
 0001:0000138f       __vsnprintf_l              0040238f f   LIBCMT:vsnprint.obj
 0001:0000143b       ??0_LocaleUpdate@@QAE@PAUlocaleinfo_struct@@@Z 0040243b f i LIBCMT:tolower.obj
 0001:000014c3       __tolower_l                004024c3 f   LIBCMT:tolower.obj
 0001:00001606       _tolower                   00402606 f   LIBCMT:tolower.obj
 0001:00001640       _memmove                   00402640 f   LIBCMT:memmove.obj
 0001:00001c90       _strchr                    00402c90 f   LIBCMT:strchr.obj
 0001:00001cfe       ___from_strstr_to_strchr   00402cfe     LIBCMT:strchr.obj
 0001:00001dc0       _strncat                   00402dc0 f   LIBCMT:strncat.obj
 0001:00001f00       __alldiv                   00402f00 f   LIBCMT:lldiv.obj
 0001:00001fb0       __allmul                   00402fb0 f   LIBCMT:llmul.obj
 0001:00001ff0       __allrem                   00402ff0 f   LIBCMT:llrem.obj
 0001:000020b0       _memcpy                    004030b0 f   LIBCMT:memcpy.obj
 0001:00002700       _memset                    00403700 f   LIBCMT:memset.obj
 0001:00002790       __cfltcvt                  00403790 f   LIBCMT:cvt.obj
 0001:000027b1       __cfltcvt_l                004037b1 f   LIBCMT:cvt.obj
 0001:00002837       __cftoa_l                  00403837 f   LIBCMT:cvt.obj
 0001:00002b93       __cftoe                    00403b93 f   LIBCMT:cvt.obj
 0001:00002d02       __cftoe_l                  00403d02 f   LIBCMT:cvt.obj
 0001:00002ebc       __cftof_l                  00403ebc f   LIBCMT:cvt.obj
 0001:00002f7d       __cftog_l                  00403f7d f   LIBCMT:cvt.obj
 0001:0000307c       __cropzeros                0040407c f   LIBCMT:cvt.obj
 0001:0000308d       __cropzeros_l              0040408d f   LIBCMT:cvt.obj
 0001:0000310d       __fassign                  0040410d f   LIBCMT:cvt.obj
 0001:00003125       __fassign_l                00404125 f   LIBCMT:cvt.obj
 0001:00003167       __forcdecpt                00404167 f   LIBCMT:cvt.obj
 0001:00003178       __forcdecpt_l              00404178 f   LIBCMT:cvt.obj
 0001:000031ec       __positive                 004041ec f   LIBCMT:cvt.obj
 0001:0000322e       __setdefaultprecision      0040422e f   LIBCMT:fp8.obj
 0001:00003255       __initp_misc_cfltcvt_tab   00404255 f   LIBCMT:cmiscdat.obj
 0001:00003274       ___isa_available_init      00404274 f   LIBCMT:cpu_disp.obj
 0001:000033ed       __call_reportfault         004043ed f   LIBCMT:invarg.obj
 0001:00003512       __initp_misc_invarg        00404512 f   LIBCMT:invarg.obj
 0001:0000351f       __invalid_parameter        0040451f f   LIBCMT:invarg.obj
 0001:0000354a       __invalid_parameter_noinfo 0040454a f   LIBCMT:invarg.obj
 0001:0000355a       __invoke_watson            0040455a f   LIBCMT:invarg.obj
 0001:00003585       __fileno                   00404585 f   LIBCMT:fileno.obj
 0001:000035a9       ___initstdio               004045a9 f   LIBCMT:_file.obj
 0001:0000361c       ___endstdio                0040461c f   LIBCMT:_file.obj
 0001:00003643       ___iob_func                00404643 f   LIBCMT:_file.obj
 0001:00003649       __lock_file                00404649 f   LIBCMT:_file.obj
 0001:00003688       __lock_file2               00404688 f   LIBCMT:_file.obj
 0001:000036b8       __unlock_file              004046b8 f   LIBCMT:_file.obj
 0001:000036f2       __unlock_file2             004046f2 f   LIBCMT:_file.obj
 0001:0000371f       __close                    0040471f f   LIBCMT:close.obj
 0001:000037fa       __close_nolock             004047fa f   LIBCMT:close.obj
 0001:00003894       ___doserrno                00404894 f   LIBCMT:dosmap.obj
 0001:000038a7       __dosmaperr                004048a7 f   LIBCMT:dosmap.obj
 0001:000038c8       __errno                    004048c8 f   LIBCMT:dosmap.obj
 0001:000038db       __get_errno_from_oserr     004048db f   LIBCMT:dosmap.obj
 0001:0000391c       _free                      0040491c f   LIBCMT:free.obj
 0001:00003954       __freebuf                  00404954 f   LIBCMT:_freebuf.obj
 0001:00003984       __fflush_nolock            00404984 f   LIBCMT:fflush.obj
 0001:000039ca       __flush                    004049ca f   LIBCMT:fflush.obj
 0001:00003a2e       __flushall                 00404a2e f   LIBCMT:fflush.obj
 0001:00003b20       __SEH_prolog4              00404b20 f   LIBCMT:sehprolg4.obj
 0001:00003b65       __SEH_epilog4              00404b65 f   LIBCMT:sehprolg4.obj
 0001:00003b80       __except_handler4          00404b80 f   LIBCMT:chandler4.obj
 0001:00003d14       __filbuf                   00404d14 f   LIBCMT:_filbuf.obj
 0001:00003e35       __ioinit                   00404e35 f   LIBCMT:ioinit.obj
 0001:000040e9       __getstream                004050e9 f   LIBCMT:stream.obj
 0001:00004208       __openfile                 00405208 f   LIBCMT:_open.obj
 0001:00004490       __local_unwind4            00405490 f   LIBCMT:exsup4.obj
 0001:00004566       __seh_longjmp_unwind4@4    00405566 f   LIBCMT:exsup4.obj
 0001:00004582       @_EH4_CallFilterFunc@8     00405582 f   LIBCMT:exsup4.obj
 0001:00004599       @_EH4_TransferToHandler@8  00405599 f   LIBCMT:exsup4.obj
 0001:000045b2       @_EH4_GlobalUnwind2@8      004055b2 f   LIBCMT:exsup4.obj
 0001:000045cb       @_EH4_LocalUnwind@16       004055cb f   LIBCMT:exsup4.obj
 0001:000045e2       __ftbuf                    004055e2 f   LIBCMT:_sftbuf.obj
 0001:00004613       __stbuf                    00405613 f   LIBCMT:_sftbuf.obj
 0001:000046b9       __output_l                 004056b9 f   LIBCMT:output.obj
 0001:00005325       _calloc                    00406325 f   LIBCMT:calloc.obj
 0001:00005365       __getdrive                 00406365 f   LIBCMT:drive.obj
 0001:00005434       @__security_check_cookie@4 00406434 f   LIBCMT:secchk.obj
 0001:00005443       ?__CxxUnhandledExceptionFilter@@YGJPAU_EXCEPTION_POINTERS@@@Z 00406443 f   LIBCMT:unhandld.obj
 0001:00005484       ___CxxSetUnhandledExceptionFilter 00406484 f   LIBCMT:unhandld.obj
 0001:00005492       __XcptFilter               00406492 f   LIBCMT:winxfltr.obj
 0001:000055ed       __freefls@4                004065ed f   LIBCMT:tidtable.obj
 0001:00005722       __getptd                   00406722 f   LIBCMT:tidtable.obj
 0001:0000573a       __getptd_noexit            0040673a f   LIBCMT:tidtable.obj
 0001:000057a9       __initptd                  004067a9 f   LIBCMT:tidtable.obj
 0001:0000585c       __mtinit                   0040685c f   LIBCMT:tidtable.obj
 0001:000058d2       __mtterm                   004068d2 f   LIBCMT:tidtable.obj
 0001:000058ef       ___copy_path_to_wide_string 004068ef f   LIBCMT:crt0dat.obj
 0001:000059a1       ___crtCorExitProcess       004069a1 f   LIBCMT:crt0dat.obj
 0001:000059d5       ___crtExitProcess          004069d5 f   LIBCMT:crt0dat.obj
 0001:000059eb       __amsg_exit                004069eb f   LIBCMT:crt0dat.obj
 0001:00005a07       __c_exit                   00406a07 f   LIBCMT:crt0dat.obj
 0001:00005a16       __cexit                    00406a16 f   LIBCMT:crt0dat.obj
 0001:00005a25       __cinit                    00406a25 f   LIBCMT:crt0dat.obj
 0001:00005aa9       __exit                     00406aa9 f   LIBCMT:crt0dat.obj
 0001:00005abd       __init_pointers            00406abd f   LIBCMT:crt0dat.obj
 0001:00005b2b       __initterm_e               00406b2b f   LIBCMT:crt0dat.obj
 0001:00005b4d       __lockexit                 00406b4d f   LIBCMT:crt0dat.obj
 0001:00005b56       __unlockexit               00406b56 f   LIBCMT:crt0dat.obj
 0001:00005c8e       _exit                      00406c8e f   LIBCMT:crt0dat.obj
 0001:00005ca2       __heap_init                00406ca2 f   LIBCMT:heapinit.obj
 0001:00005cb7       __setargv                  00406cb7 f   LIBCMT:stdargv.obj
 0001:00005ee6       __setenvp                  00406ee6 f   LIBCMT:stdenvp.obj
 0001:00005fc7       __FF_MSGBANNER             00406fc7 f   LIBCMT:crt0msg.obj
 0001:00006000       __GET_RTERRMSG             00407000 f   LIBCMT:crt0msg.obj
 0001:00006024       __NMSG_WRITE               00407024 f   LIBCMT:crt0msg.obj
 0001:000061e1       ___set_app_type            004071e1 f   LIBCMT:errmode.obj
 0001:000061ee       __set_error_mode           004071ee f   LIBCMT:errmode.obj
 0001:0000622e       ___security_init_cookie    0040722e f   LIBCMT:gs_support.obj
 0001:000062ca       __RTC_Initialize           004072ca f   LIBCMT:initsect.obj
 0001:000062ea       __RTC_Terminate            004072ea f   LIBCMT:initsect.obj
 0001:0000630a       ___crtGetEnvironmentStringsA 0040730a f   LIBCMT:a_env.obj
 0001:000063a0       _strcmp                    004073a0 f   LIBCMT:strcmp.obj
 0001:0000642c       _malloc                    0040742c f   LIBCMT:malloc.obj
 0001:000064be       __callnewh                 004074be f   LIBCMT:handler.obj
 0001:000064e4       __initp_heap_handler       004074e4 f   LIBCMT:handler.obj
 0001:000064f1       __flsbuf                   004074f1 f   LIBCMT:_flsbuf.obj
 0001:00006640       __calloc_crt               00407640 f   LIBCMT:crtheap.obj
 0001:00006688       __malloc_crt               00407688 f   LIBCMT:crtheap.obj
 0001:000066cf       __realloc_crt              004076cf f   LIBCMT:crtheap.obj
 0001:00006719       ___addlocaleref            00407719 f   LIBCMT:localref.obj
 0001:000067ae       ___freetlocinfo            004077ae f   LIBCMT:localref.obj
 0001:00006908       ___removelocaleref         00407908 f   LIBCMT:localref.obj
 0001:000069a8       ___updatetlocinfo          004079a8 f   LIBCMT:localref.obj
 0001:00006a28       __updatetlocinfoEx_nolock  00407a28 f   LIBCMT:localref.obj
 0001:00006a73       ___initmbctable            00407a73 f   LIBCMT:mbctype.obj
 0001:00006d2a       ___updatetmbcinfo          00407d2a f   LIBCMT:mbctype.obj
 0001:00006dd0       __setmbcp                  00407dd0 f   LIBCMT:mbctype.obj
 0001:00006f79       __setmbcp_nolock           00407f79 f   LIBCMT:mbctype.obj
 0001:00007164       __isctype_l                00408164 f   LIBCMT:isctype.obj
 0001:00007215       __isleadbyte_l             00408215 f i LIBCMT:_wctype.obj
 0001:0000724f       _isleadbyte                0040824f f i LIBCMT:_wctype.obj
 0001:00007464       ___crtLCMapStringA         00408464 f   LIBCMT:a_map.obj
 0001:000074aa       __freea                    004084aa f i LIBCMT:a_map.obj
 0001:000074c8       __locterm                  004084c8 f   LIBCMT:wsetloca.obj
 0001:0000751a       __VEC_memset               0040851a f   LIBCMT:p4_memset.obj
 0001:000075e2       __isdigit_l                004085e2 f i LIBCMT:_ctype.obj
 0001:00007634       _isdigit                   00408634 f i LIBCMT:_ctype.obj
 0001:0000765f       _strcpy_s                  0040865f f   LIBCMT:strcpy_s.obj
 0001:000076c0       _strlen                    004086c0 f   LIBCMT:strlen.obj
 0001:00007750       _strrchr                   00408750 f   LIBCMT:strrchr.obj
 0001:00007887       __fptostr                  00408887 f   LIBCMT:_fptostr.obj
 0001:00007937       ___crt_atoflt_l            00408937 f   LIBCMT:atodbl.obj
 0001:000079db       __atodbl_l                 004089db f   LIBCMT:atodbl.obj
 0001:00007a69       __atoflt_l                 00408a69 f   LIBCMT:atodbl.obj
 0001:00007a81       ___dtold                   00408a81 f   LIBCMT:cfout.obj
 0001:00007b49       __fltout2                  00408b49 f   LIBCMT:cfout.obj
 0001:00007be0       __alldvrm                  00408be0 f   LIBCMT:lldvrm.obj
 0001:00007cc0       __aullshr                  00408cc0 f   LIBCMT:ullshr.obj
 0001:00007cdf       __controlfp_s              00408cdf f   LIBCMT:contrlfp.obj
 0001:00007d3c       __fptrap                   00408d3c f   LIBCMT:crt0fp.obj
 0001:00007d45       ___crtFlsAlloc             00408d45 f   LIBCMT:winapisupp.obj
 0001:00007d63       ___crtFlsFree              00408d63 f   LIBCMT:winapisupp.obj
 0001:00007d82       ___crtFlsGetValue          00408d82 f   LIBCMT:winapisupp.obj
 0001:00007da1       ___crtFlsSetValue          00408da1 f   LIBCMT:winapisupp.obj
 0001:00007dc3       ___crtInitializeCriticalSectionEx 00408dc3 f   LIBCMT:winapisupp.obj
 0001:00007df1       ___crtIsPackagedApp        00408df1 f   LIBCMT:winapisupp.obj
 0001:00007e34       ___crtLoadWinApiPointers   00408e34 f   LIBCMT:winapisupp.obj
 0001:000080bf       ___crtSetUnhandledExceptionFilter 004090bf f   LIBCMT:winapisupp.obj
 0001:000080cd       ___crtSleep                004090cd f   LIBCMT:winapisupp.obj
 0001:000080db       ___crtTerminateProcess     004090db f   LIBCMT:winapisupp.obj
 0001:000080f0       ___crtUnhandledException   004090f0 f   LIBCMT:winapisupp.obj
 0001:00008106       __crt_debugger_hook        00409106 f   LIBCMT:dbghook.obj
 0001:0000810e       __fcloseall                0040910e f   LIBCMT:closeall.obj
 0001:000081ab       __lock                     004091ab f   LIBCMT:mlock.obj
 0001:000081df       __mtdeletelocks            004091df f   LIBCMT:mlock.obj
 0001:00008233       __mtinitlocknum            00409233 f   LIBCMT:mlock.obj
 0001:000082dc       __mtinitlocks              004092dc f   LIBCMT:mlock.obj
 0001:00008315       __unlock                   00409315 f   LIBCMT:mlock.obj
 0001:0000832a       ___lock_fhandle            0040932a f   LIBCMT:osfinfo.obj
 0001:000083b8       __alloc_osfhnd             004093b8 f   LIBCMT:osfinfo.obj
 0001:00008561       __free_osfhnd              00409561 f   LIBCMT:osfinfo.obj
 0001:000085e7       __get_osfhandle            004095e7 f   LIBCMT:osfinfo.obj
 0001:0000864e       __set_osfhnd               0040964e f   LIBCMT:osfinfo.obj
 0001:000086d0       __unlock_fhandle           004096d0 f   LIBCMT:osfinfo.obj
 0001:000086f6       __commit                   004096f6 f   LIBCMT:commit.obj
 0001:000087df       __write                    004097df f   LIBCMT:write.obj
 0001:000088ce       __write_nolock             004098ce f   LIBCMT:write.obj
 0001:00009140       __FindPESection            0040a140 f   LIBCMT:pesect.obj
 0001:00009190       __IsNonwritableInCurrentImage 0040a190 f   LIBCMT:pesect.obj
 0001:00009250       __ValidateImageBase        0040a250 f   LIBCMT:pesect.obj
 0001:00009281       __read                     0040a281 f   LIBCMT:read.obj
 0001:00009395       __read_nolock              0040a395 f   LIBCMT:read.obj
 0001:00009b26       __getbuf                   0040ab26 f   LIBCMT:_getbuf.obj
 0001:00009b6c       __sopen_helper             0040ab6c f   LIBCMT:open.obj
 0001:00009c35       __sopen_nolock             0040ac35 f   LIBCMT:open.obj
 0001:00009c83       __sopen_s                  0040ac83 f   LIBCMT:open.obj
 0001:00009ca1       __mbsnbcmp                 0040aca1 f   LIBCMT:mbsnbcmp.obj
 0001:00009cb9       __mbsnbcmp_l               0040acb9 f   LIBCMT:mbsnbcmp.obj
 0001:00009dd0       __mbsnbicmp                0040add0 f   LIBCMT:mbsnbicm.obj
 0001:00009de8       __mbsnbicmp_l              0040ade8 f   LIBCMT:mbsnbicm.obj
 0001:00009fb0       __global_unwind2           0040afb0 f   LIBCMT:exsup.obj
 0001:0000a015       __local_unwind2            0040b015 f   LIBCMT:exsup.obj
 0001:0000a099       __abnormal_termination     0040b099 f   LIBCMT:exsup.obj
 0001:0000a0bc       __NLG_Notify1              0040b0bc f   LIBCMT:exsup.obj
 0001:0000a0c5       __NLG_Notify               0040b0c5 f   LIBCMT:exsup.obj
 0001:0000a0dc       __NLG_Dispatch2            0040b0dc     LIBCMT:exsup.obj
 0001:0000a0dc       __NLG_Dispatch             0040b0dc     LIBCMT:exsup.obj
 0001:0000a0e4       __NLG_Call                 0040b0e4 f   LIBCMT:exsup.obj
 0001:0000a0e6       __NLG_Return2              0040b0e6     LIBCMT:exsup.obj
 0001:0000a0e7       __isatty                   0040b0e7 f   LIBCMT:isatty.obj
 0001:0000a13b       __wctomb_s_l               0040b13b f   LIBCMT:wctomb.obj
 0001:0000a25f       _wctomb_s                  0040b25f f   LIBCMT:wctomb.obj
 0001:0000a280       __aulldvrm                 0040b280 f   LIBCMT:ulldvrm.obj
 0001:0000a315       __calloc_impl              0040b315 f   LIBCMT:calloc_impl.obj
 0001:0000a38f       ___raise_securityfailure   0040b38f f   LIBCMT:gs_report.obj
 0001:0000a3cc       ___report_gsfailure        0040b3cc f   LIBCMT:gs_report.obj
 0001:0000a4c7       ?terminate@@YAXXZ          0040b4c7 f   LIBCMT:hooks.obj
 0001:0000a4fb       __initp_eh_hooks           0040b4fb f   LIBCMT:hooks.obj
 0001:0000a50c       ___onexitinit              0040b50c f   LIBCMT:onexit.obj
 0001:0000a53b       __onexit                   0040b53b f   LIBCMT:onexit.obj
 0001:0000a637       _atexit                    0040b637 f   LIBCMT:onexit.obj
 0001:0000a64c       __initp_misc_purevirt      0040b64c f   LIBCMT:inithelp.obj
 0001:0000a659       ___get_sigabrt             0040b659 f   LIBCMT:winsig.obj
 0001:0000a666       __initp_misc_winsig        0040b666 f   LIBCMT:winsig.obj
 0001:0000a682       _raise                     0040b682 f   LIBCMT:winsig.obj
 0001:0000a877       __initp_misc_rand_s        0040b877 f   LIBCMT:rand_s.obj
 0001:0000a8de       __ismbblead                0040b8de f   LIBCMT:ismbbyte.obj
 0001:0000a8f4       _wcscat_s                  0040b8f4 f   LIBCMT:wcscat_s.obj
 0001:0000a960       _wcscpy_s                  0040b960 f   LIBCMT:wcscpy_s.obj
 0001:0000a9bc       _wcslen                    0040b9bc f   LIBCMT:wcslen.obj
 0001:0000a9d5       _wcsncpy_s                 0040b9d5 f   LIBCMT:wcsncpy_s.obj
 0001:0000aa93       ___crtMessageBoxW          0040ba93 f   LIBCMT:crtmboxw.obj
 0001:0000ac79       __lseeki64                 0040bc79 f   LIBCMT:lseeki64.obj
 0001:0000ad75       __lseeki64_nolock          0040bd75 f   LIBCMT:lseeki64.obj
 0001:0000ade8       __mbtowc_l                 0040bde8 f   LIBCMT:mbtowc.obj
 0001:0000aedd       _mbtowc                    0040bedd f   LIBCMT:mbtowc.obj
 0001:0000aef5       _realloc                   0040bef5 f   LIBCMT:realloc.obj
 0001:0000afa0       ___free_lconv_mon          0040bfa0 f   LIBCMT:initmon.obj
 0001:0000b09c       ___free_lconv_num          0040c09c f   LIBCMT:initnum.obj
 0001:0000b103       ___free_lc_time            0040c103 f   LIBCMT:inittime.obj
 0001:0000b57b       ___crtGetStringTypeA       0040c57b f   LIBCMT:a_str.obj
 0001:0000b5bb       _GetTableIndexFromLocaleName 0040c5bb f   LIBCMT:winapinls.obj
 0001:0000b609       ___crtDownlevelLocaleNameToLCID 0040c609 f   LIBCMT:winapinls.obj
 0001:0000b633       ___crtLCMapStringEx        0040c633 f   LIBCMT:winapinls.obj
 0001:0000b67f       ___wcsnicmp_ascii          0040c67f f   LIBCMT:winapinls.obj
 0001:0000b6f0       __alloca_probe_16          0040c6f0 f   LIBCMT:alloca16.obj
 0001:0000b706       __alloca_probe_8           0040c706     LIBCMT:alloca16.obj
 0001:0000b71c       __ld12tod                  0040c71c f   LIBCMT:intrncvt.obj
 0001:0000bc8e       __ld12tof                  0040cc8e f   LIBCMT:intrncvt.obj
 0001:0000c200       ___strgtold12_l            0040d200 f   LIBCMT:strgtold.obj
 0001:0000c9a8       _$I10_OUTPUT               0040d9a8 f   LIBCMT:x10fout.obj
 0001:0000d425       __control87                0040e425 f i LIBCMT:ieee87.obj
 0001:0000d7be       __putwch_nolock            0040e7be f   LIBCMT:putwch.obj
 0001:0000d810       __chkstk                   0040e810 f   LIBCMT:chkstk.obj
 0001:0000d810       __alloca_probe             0040e810 f   LIBCMT:chkstk.obj
 0001:0000d8c6       __wsopen_nolock            0040e8c6 f   LIBCMT:wopen.obj
 0001:0000e020       _strncmp                   0040f020 f   LIBCMT:strncmp.obj
 0001:0000e098       __strnicmp                 0040f098 f   LIBCMT:strnicmp.obj
 0001:0000e103       __strnicmp_l               0040f103 f   LIBCMT:strnicmp.obj
 0001:0000e1b4       _abort                     0040f1b4 f   LIBCMT:abort.obj
 0001:0000e1f7       __msize                    0040f1f7 f   LIBCMT:msize.obj
 0001:0000e228       ___mtold12                 0040f228 f   LIBCMT:mantold.obj
 0001:0000e408       ___set_fpsr_sse2           0040f408 f   LIBCMT:fpctrl.obj
 0001:0000e47e       ___termconout              0040f47e f   LIBCMT:initcon.obj
 0001:0000e495       ___initconout              0040f495 f   LIBCMT:initcon.obj
 0001:0000e4b4       __chsize_nolock            0040f4b4 f   LIBCMT:chsize.obj
 0001:0000e66a       __get_fmode                0040f66a f   LIBCMT:setmode.obj
 0001:0000e694       __setmode_nolock           0040f694 f   LIBCMT:setmode.obj
 0001:0000e770       ___ascii_strnicmp          0040f770 f   LIBCMT:_strnicm.obj
 0001:0000e7e0       _IsProcessorFeaturePresent@4 0040f7e0 f   kernel32:KERNEL32.dll
 0001:0000e7e6       _RtlUnwind@16              0040f7e6 f   kernel32:KERNEL32.dll
 0001:0000e7ec       ___ascii_stricmp           0040f7ec f   LIBCMT:stricmp.obj
 0001:0000e825       __stricmp                  0040f825 f   LIBCMT:stricmp.obj
 0001:0000e825       _stricmp                   0040f825 f   LIBCMT:stricmp.obj
 0001:0000e86c       __stricmp_l                0040f86c f   LIBCMT:stricmp.obj
 0002:00000000       __imp__GetLastError@0      00410000     kernel32:KERNEL32.dll
 0002:00000004       __imp__LocalFree@4         00410004     kernel32:KERNEL32.dll
 0002:00000008       __imp__FormatMessageA@28   00410008     kernel32:KERNEL32.dll
 0002:0000000c       __imp__SetEndOfFile@4      0041000c     kernel32:KERNEL32.dll
 0002:00000010       __imp__HeapSize@12         00410010     kernel32:KERNEL32.dll
 0002:00000014       __imp__FreeLibrary@4       00410014     kernel32:KERNEL32.dll
 0002:00000018       __imp__GetProcAddress@8    00410018     kernel32:KERNEL32.dll
 0002:0000001c       __imp__LoadLibraryExA@12   0041001c     kernel32:KERNEL32.dll
 0002:00000020       __imp__MultiByteToWideChar@24 00410020     kernel32:KERNEL32.dll
 0002:00000024       __imp__WideCharToMultiByte@32 00410024     kernel32:KERNEL32.dll
 0002:00000028       __imp__GetDriveTypeW@4     00410028     kernel32:KERNEL32.dll
 0002:0000002c       __imp__GetFullPathNameA@16 0041002c     kernel32:KERNEL32.dll
 0002:00000030       __imp__GetCommandLineA@0   00410030     kernel32:KERNEL32.dll
 0002:00000034       __imp__EncodePointer@4     00410034     kernel32:KERNEL32.dll
 0002:00000038       __imp__IsProcessorFeaturePresent@4 00410038     kernel32:KERNEL32.dll
 0002:0000003c       __imp__IsDebuggerPresent@0 0041003c     kernel32:KERNEL32.dll
 0002:00000040       __imp__DecodePointer@4     00410040     kernel32:KERNEL32.dll
 0002:00000044       __imp__EnterCriticalSection@4 00410044     kernel32:KERNEL32.dll
 0002:00000048       __imp__LeaveCriticalSection@4 00410048     kernel32:KERNEL32.dll
 0002:0000004c       __imp__CloseHandle@4       0041004c     kernel32:KERNEL32.dll
 0002:00000050       __imp__HeapFree@12         00410050     kernel32:KERNEL32.dll
 0002:00000054       __imp__GetStdHandle@4      00410054     kernel32:KERNEL32.dll
 0002:00000058       __imp__GetFileType@4       00410058     kernel32:KERNEL32.dll
 0002:0000005c       __imp__DeleteCriticalSection@4 0041005c     kernel32:KERNEL32.dll
 0002:00000060       __imp__GetStartupInfoW@4   00410060     kernel32:KERNEL32.dll
 0002:00000064       __imp__RtlUnwind@16        00410064     kernel32:KERNEL32.dll
 0002:00000068       __imp__GetCurrentDirectoryW@8 00410068     kernel32:KERNEL32.dll
 0002:0000006c       __imp__SetLastError@4      0041006c     kernel32:KERNEL32.dll
 0002:00000070       __imp__GetCurrentThreadId@0 00410070     kernel32:KERNEL32.dll
 0002:00000074       __imp__ExitProcess@4       00410074     kernel32:KERNEL32.dll
 0002:00000078       __imp__GetModuleHandleExW@12 00410078     kernel32:KERNEL32.dll
 0002:0000007c       __imp__AreFileApisANSI@0   0041007c     kernel32:KERNEL32.dll
 0002:00000080       __imp__GetProcessHeap@0    00410080     kernel32:KERNEL32.dll
 0002:00000084       __imp__GetModuleFileNameA@12 00410084     kernel32:KERNEL32.dll
 0002:00000088       __imp__WriteFile@20        00410088     kernel32:KERNEL32.dll
 0002:0000008c       __imp__GetModuleFileNameW@12 0041008c     kernel32:KERNEL32.dll
 0002:00000090       __imp__QueryPerformanceCounter@4 00410090     kernel32:KERNEL32.dll
 0002:00000094       __imp__GetCurrentProcessId@0 00410094     kernel32:KERNEL32.dll
 0002:00000098       __imp__GetSystemTimeAsFileTime@4 00410098     kernel32:KERNEL32.dll
 0002:0000009c       __imp__GetEnvironmentStringsW@0 0041009c     kernel32:KERNEL32.dll
 0002:000000a0       __imp__FreeEnvironmentStringsW@4 004100a0     kernel32:KERNEL32.dll
 0002:000000a4       __imp__HeapAlloc@12        004100a4     kernel32:KERNEL32.dll
 0002:000000a8       __imp__IsValidCodePage@4   004100a8     kernel32:KERNEL32.dll
 0002:000000ac       __imp__GetACP@0            004100ac     kernel32:KERNEL32.dll
 0002:000000b0       __imp__GetOEMCP@0          004100b0     kernel32:KERNEL32.dll
 0002:000000b4       __imp__GetCPInfo@8         004100b4     kernel32:KERNEL32.dll
 0002:000000b8       __imp__UnhandledExceptionFilter@4 004100b8     kernel32:KERNEL32.dll
 0002:000000bc       __imp__SetUnhandledExceptionFilter@4 004100bc     kernel32:KERNEL32.dll
 0002:000000c0       __imp__InitializeCriticalSectionAndSpinCount@8 004100c0     kernel32:KERNEL32.dll
 0002:000000c4       __imp__Sleep@4             004100c4     kernel32:KERNEL32.dll
 0002:000000c8       __imp__GetCurrentProcess@0 004100c8     kernel32:KERNEL32.dll
 0002:000000cc       __imp__TerminateProcess@8  004100cc     kernel32:KERNEL32.dll
 0002:000000d0       __imp__TlsAlloc@0          004100d0     kernel32:KERNEL32.dll
 0002:000000d4       __imp__TlsGetValue@4       004100d4     kernel32:KERNEL32.dll
 0002:000000d8       __imp__TlsSetValue@8       004100d8     kernel32:KERNEL32.dll
 0002:000000dc       __imp__TlsFree@4           004100dc     kernel32:KERNEL32.dll
 0002:000000e0       __imp__GetModuleHandleW@4  004100e0     kernel32:KERNEL32.dll
 0002:000000e4       __imp__SetStdHandle@8      004100e4     kernel32:KERNEL32.dll
 0002:000000e8       __imp__FlushFileBuffers@4  004100e8     kernel32:KERNEL32.dll
 0002:000000ec       __imp__GetConsoleCP@0      004100ec     kernel32:KERNEL32.dll
 0002:000000f0       __imp__GetConsoleMode@8    004100f0     kernel32:KERNEL32.dll
 0002:000000f4       __imp__ReadFile@20         004100f4     kernel32:KERNEL32.dll
 0002:000000f8       __imp__ReadConsoleW@20     004100f8     kernel32:KERNEL32.dll
 0002:000000fc       __imp__LoadLibraryExW@12   004100fc     kernel32:KERNEL32.dll
 0002:00000100       __imp__OutputDebugStringW@4 00410100     kernel32:KERNEL32.dll
 0002:00000104       __imp__SetFilePointerEx@20 00410104     kernel32:KERNEL32.dll
 0002:00000108       __imp__HeapReAlloc@16      00410108     kernel32:KERNEL32.dll
 0002:0000010c       __imp__GetStringTypeW@16   0041010c     kernel32:KERNEL32.dll
 0002:00000110       __imp__LCMapStringW@24     00410110     kernel32:KERNEL32.dll
 0002:00000114       __imp__WriteConsoleW@20    00410114     kernel32:KERNEL32.dll
 0002:00000118       __imp__CreateFileW@28      00410118     kernel32:KERNEL32.dll
 0002:0000011c       \177KERNEL32_NULL_THUNK_DATA 0041011c     kernel32:KERNEL32.dll
 0002:00000120       __imp__CommandLine_Tier0   00410120     tier0:tier0.dll
 0002:00000124       __imp__Plat_IsInDebugSession 00410124     tier0:tier0.dll
 0002:00000128       __imp__Error               00410128     tier0:tier0.dll
 0002:0000012c       __imp__CreateSimpleThread  0041012c     tier0:tier0.dll
 0002:00000130       __imp__ReleaseThreadHandle 00410130     tier0:tier0.dll
 0002:00000134       __imp__GetThreadedLoadLibraryFunc 00410134     tier0:tier0.dll
 0002:00000138       __imp__ThreadWaitForObjects 00410138     tier0:tier0.dll
 0002:0000013c       __imp___AssertValidWritePtr 0041013c     tier0:tier0.dll
 0002:00000140       __imp__AssertValidStringPtr 00410140     tier0:tier0.dll
 0002:00000144       \177tier0_NULL_THUNK_DATA  00410144     tier0:tier0.dll
 0002:00000148       ___xc_a                    00410148     LIBCMT:crt0init.obj
 0002:0000014c       ___xc_z                    0041014c     LIBCMT:crt0init.obj
 0002:00000150       ___xi_a                    00410150     LIBCMT:crt0init.obj
 0002:00000168       ___xi_z                    00410168     LIBCMT:crt0init.obj
 0002:0000016c       ___xp_a                    0041016c     LIBCMT:crt0init.obj
 0002:0000017c       ___xp_z                    0041017c     LIBCMT:crt0init.obj
 0002:00000180       ___xt_a                    00410180     LIBCMT:crt0init.obj
 0002:00000184       ___xt_z                    00410184     LIBCMT:crt0init.obj
 0002:000001c8       ??_C@_01KICIPPFI@?2?$AA@   004101c8     vrad_launcher.obj
 0002:000001cc       ??_C@_05ILGEKKOP@?9both?$AA@ 004101cc     vrad_launcher.obj
 0002:000001d4       ??_C@_0O@HMFLEPEH@vrad?4redirect?$AA@ 004101d4     vrad_launcher.obj
 0002:000001e4       ??_C@_05BMGBEOOC@?$CFs?2?$CFs?$AA@ 004101e4     vrad_launcher.obj
 0002:000001ec       ??_C@_02BMJICGCB@rt?$AA@   004101ec     vrad_launcher.obj
 0002:000001f0       ??_C@_01EEMJAFIK@?6?$AA@   004101f0     vrad_launcher.obj
 0002:000001f4       ??_C@_0DM@NKGABNEG@Loaded?5alternate?5VRAD?5DLL?5?$CI?$CFs?$CJ?5s@ 004101f4     vrad_launcher.obj
 0002:00000230       ??_C@_0CN@LEBDECAB@Can?8t?5find?5?8?$CFs?8?5specified?5in?5vra@ 00410230     vrad_launcher.obj
 0002:00000260       ??_C@_0N@ODOHMGDF@vrad_dll?4dll?$AA@ 00410260     vrad_launcher.obj
 0002:00000270       ??_C@_0CG@FKLCCIOF@vrad_launcher?5error?3?5can?8t?5load?5@ 00410270     vrad_launcher.obj
 0002:00000298       ??_C@_0DK@LCAKKNAH@vrad_launcher?5error?3?5can?8t?5get?5f@ 00410298     vrad_launcher.obj
 0002:000002d4       ??_C@_09EFCFLAFC@vraddll_1?$AA@ 004102d4     vrad_launcher.obj
 0002:000002e0       ??_C@_0EF@DAOJABNO@vrad_launcher?5error?3?5can?8t?5get?5I@ 004102e0     vrad_launcher.obj
 0002:00000328       ??_C@_04KMMJEEDD@?9hdr?$AA@ 00410328     vrad_launcher.obj
 0002:00000330       ??_C@_04CDKLNDGE@?9ldr?$AA@ 00410330     vrad_launcher.obj
 0002:00000338       ??_C@_04HLONOPDM@?4dll?$AA@ 00410338     tier1:interface.obj
 0002:00000340       ??_C@_04MMFEEKAB@bin?1?$AA@ 00410340     tier1:interface.obj
 0002:00000348       ??_C@_05GFOLEBJA@?$CFs?1?$CFs?$AA@ 00410348     tier1:interface.obj
 0002:00000350       ??_C@_09ILGMALND@?$CFs?1bin?1?$CFs?$AA@ 00410350     tier1:interface.obj
 0002:0000035c       ??_C@_0M@OJHILNKA@?9allowdebug?$AA@ 0041035c     tier1:interface.obj
 0002:00000368       ??_C@_0L@EJCNAOMG@BuiltDebug?$AA@ 00410368     tier1:interface.obj
 0002:00000374       ??_C@_0BM@OIEJAJOK@Module?5?$CFs?5is?5a?5debug?5build?6?$AA@ 00410374     tier1:interface.obj
 0002:00000390       ??_C@_0BA@OBHPCBFP@CreateInterface?$AA@ 00410390     tier1:interface.obj
 0002:000003a0       ??_C@_01JOAMLHOP@?9?$AA@   004103a0     tier1:strtools.obj
 0002:000003a4       __FPinit                   004103a4     LIBCMT:fpinit.obj
 0002:000003a8       ??_C@_05KLBDPFGC@e?$CL000?$AA@ 004103a8     LIBCMT:cvt.obj
 0002:000003d0       ??_C@_06OJHGLDPL@?$CInull?$CJ?$AA@ 004103d0     LIBCMT:output.obj
 0002:000003d8       ??_C@_1O@CEDCILHN@?$AA?$CI?$AAn?$AAu?$AAl?$AAl?$AA?$CJ?$AA?$AA@ 004103d8     LIBCMT:output.obj
 0002:000003e8       ___lookuptable             004103e8     LIBCMT:output.obj
 0002:00000448       __XcptActTab               00410448     LIBCMT:winxfltr.obj
 0002:000004d8       __XcptActTabCount          004104d8     LIBCMT:winxfltr.obj
 0002:000004dc       __XcptActTabSize           004104dc     LIBCMT:winxfltr.obj
 0002:000004e0       __First_FPE_Indx           004104e0     LIBCMT:winxfltr.obj
 0002:000004e4       __Num_FPE                  004104e4     LIBCMT:winxfltr.obj
 0002:000004e8       ??_C@_1BI@BGOHAHKC@?$AAm?$AAs?$AAc?$AAo?$AAr?$AAe?$AAe?$AA?4?$AAd?$AAl?$AAl?$AA?$AA@ 004104e8     LIBCMT:crt0dat.obj
 0002:00000500       ??_C@_0P@MIGLKIOC@CorExitProcess?$AA@ 00410500     LIBCMT:crt0dat.obj
 0002:000005c8       ??_C@_1FK@PGACCAFB@?$AAR?$AA6?$AA0?$AA0?$AA2?$AA?$AN?$AA?6?$AA?9?$AA?5?$AAf?$AAl?$AAo?$AAa?$AAt?$AAi?$AAn?$AAg?$AA?5?$AAp?$AAo?$AAi?$AAn?$AAt?$AA?5?$AAs?$AAu?$AAp?$AAp?$AAo?$AAr?$AAt?$AA?5@ 004105c8     LIBCMT:crt0msg.obj
 0002:00000628       ??_C@_1FE@LLNEDJMD@?$AAR?$AA6?$AA0?$AA0?$AA8?$AA?$AN?$AA?6?$AA?9?$AA?5?$AAn?$AAo?$AAt?$AA?5?$AAe?$AAn?$AAo?$AAu?$AAg?$AAh?$AA?5?$AAs?$AAp?$AAa?$AAc?$AAe?$AA?5?$AAf?$AAo?$AAr?$AA?5?$AAa?$AAr@ 00410628     LIBCMT:crt0msg.obj
 0002:00000680       ??_C@_1FI@HONFMGBI@?$AAR?$AA6?$AA0?$AA0?$AA9?$AA?$AN?$AA?6?$AA?9?$AA?5?$AAn?$AAo?$AAt?$AA?5?$AAe?$AAn?$AAo?$AAu?$AAg?$AAh?$AA?5?$AAs?$AAp?$AAa?$AAc?$AAe?$AA?5?$AAf?$AAo?$AAr?$AA?5?$AAe?$AAn@ 00410680     LIBCMT:crt0msg.obj
 0002:000006d8       ??_C@_1EG@BEHAGFJD@?$AAR?$AA6?$AA0?$AA1?$AA0?$AA?$AN?$AA?6?$AA?9?$AA?5?$AAa?$AAb?$AAo?$AAr?$AAt?$AA?$CI?$AA?$CJ?$AA?5?$AAh?$AAa?$AAs?$AA?5?$AAb?$AAe?$AAe?$AAn?$AA?5?$AAc?$AAa?$AAl?$AAl?$AAe?$AAd@ 004106d8     LIBCMT:crt0msg.obj
 0002:00000720       ??_C@_1FI@LOGNIKDM@?$AAR?$AA6?$AA0?$AA1?$AA6?$AA?$AN?$AA?6?$AA?9?$AA?5?$AAn?$AAo?$AAt?$AA?5?$AAe?$AAn?$AAo?$AAu?$AAg?$AAh?$AA?5?$AAs?$AAp?$AAa?$AAc?$AAe?$AA?5?$AAf?$AAo?$AAr?$AA?5?$AAt?$AAh@ 00410720     LIBCMT:crt0msg.obj
 0002:00000778       ??_C@_1FK@BEOGODMC@?$AAR?$AA6?$AA0?$AA1?$AA7?$AA?$AN?$AA?6?$AA?9?$AA?5?$AAu?$AAn?$AAe?$AAx?$AAp?$AAe?$AAc?$AAt?$AAe?$AAd?$AA?5?$AAm?$AAu?$AAl?$AAt?$AAi?$AAt?$AAh?$AAr?$AAe?$AAa?$AAd?$AA?5@ 00410778     LIBCMT:crt0msg.obj
 0002:000007d8       ??_C@_1EC@JIBHAOPH@?$AAR?$AA6?$AA0?$AA1?$AA8?$AA?$AN?$AA?6?$AA?9?$AA?5?$AAu?$AAn?$AAe?$AAx?$AAp?$AAe?$AAc?$AAt?$AAe?$AAd?$AA?5?$AAh?$AAe?$AAa?$AAp?$AA?5?$AAe?$AAr?$AAr?$AAo?$AAr?$AA?$AN?$AA?6@ 004107d8     LIBCMT:crt0msg.obj
 0002:00000820       ??_C@_1FC@ECHBIFBC@?$AAR?$AA6?$AA0?$AA1?$AA9?$AA?$AN?$AA?6?$AA?9?$AA?5?$AAu?$AAn?$AAa?$AAb?$AAl?$AAe?$AA?5?$AAt?$AAo?$AA?5?$AAo?$AAp?$AAe?$AAn?$AA?5?$AAc?$AAo?$AAn?$AAs?$AAo?$AAl?$AAe?$AA?5@ 00410820     LIBCMT:crt0msg.obj
 0002:00000878       ??_C@_1GK@FHCKBEFA@?$AAR?$AA6?$AA0?$AA2?$AA4?$AA?$AN?$AA?6?$AA?9?$AA?5?$AAn?$AAo?$AAt?$AA?5?$AAe?$AAn?$AAo?$AAu?$AAg?$AAh?$AA?5?$AAs?$AAp?$AAa?$AAc?$AAe?$AA?5?$AAf?$AAo?$AAr?$AA?5?$AA_?$AAo@ 00410878     LIBCMT:crt0msg.obj
 0002:000008e8       ??_C@_1EM@MAADIHMB@?$AAR?$AA6?$AA0?$AA2?$AA5?$AA?$AN?$AA?6?$AA?9?$AA?5?$AAp?$AAu?$AAr?$AAe?$AA?5?$AAv?$AAi?$AAr?$AAt?$AAu?$AAa?$AAl?$AA?5?$AAf?$AAu?$AAn?$AAc?$AAt?$AAi?$AAo?$AAn?$AA?5?$AAc@ 004108e8     LIBCMT:crt0msg.obj
 0002:00000938       ??_C@_1GK@MCAAGJMO@?$AAR?$AA6?$AA0?$AA2?$AA6?$AA?$AN?$AA?6?$AA?9?$AA?5?$AAn?$AAo?$AAt?$AA?5?$AAe?$AAn?$AAo?$AAu?$AAg?$AAh?$AA?5?$AAs?$AAp?$AAa?$AAc?$AAe?$AA?5?$AAf?$AAo?$AAr?$AA?5?$AAs?$AAt@ 00410938     LIBCMT:crt0msg.obj
 0002:000009a8       ??_C@_1GK@MFGOKLAG@?$AAR?$AA6?$AA0?$AA2?$AA7?$AA?$AN?$AA?6?$AA?9?$AA?5?$AAn?$AAo?$AAt?$AA?5?$AAe?$AAn?$AAo?$AAu?$AAg?$AAh?$AA?5?$AAs?$AAp?$AAa?$AAc?$AAe?$AA?5?$AAf?$AAo?$AAr?$AA?5?$AAl?$AAo@ 004109a8     LIBCMT:crt0msg.obj
 0002:00000a18       ??_C@_1EK@HHFLMAOL@?$AAR?$AA6?$AA0?$AA2?$AA8?$AA?$AN?$AA?6?$AA?9?$AA?5?$AAu?$AAn?$AAa?$AAb?$AAl?$AAe?$AA?5?$AAt?$AAo?$AA?5?$AAi?$AAn?$AAi?$AAt?$AAi?$AAa?$AAl?$AAi?$AAz?$AAe?$AA?5?$AAh?$AAe@ 00410a18     LIBCMT:crt0msg.obj
 0002:00000a64       ??_C@_1DO@BMFCDCD@?$AAR?$AA6?$AA0?$AA3?$AA0?$AA?$AN?$AA?6?$AA?9?$AA?5?$AAC?$AAR?$AAT?$AA?5?$AAn?$AAo?$AAt?$AA?5?$AAi?$AAn?$AAi?$AAt?$AAi?$AAa?$AAl?$AAi?$AAz?$AAe?$AAd?$AA?$AN?$AA?6?$AA?$AA@ 00410a64     LIBCMT:crt0msg.obj
 0002:00000aa8       ??_C@_1MG@ENCOOIDF@?$AAR?$AA6?$AA0?$AA3?$AA1?$AA?$AN?$AA?6?$AA?9?$AA?5?$AAA?$AAt?$AAt?$AAe?$AAm?$AAp?$AAt?$AA?5?$AAt?$AAo?$AA?5?$AAi?$AAn?$AAi?$AAt?$AAi?$AAa?$AAl?$AAi?$AAz?$AAe?$AA?5?$AAt@ 00410aa8     LIBCMT:crt0msg.obj
 0002:00000b70       ??_C@_1GG@GOPILAJP@?$AAR?$AA6?$AA0?$AA3?$AA2?$AA?$AN?$AA?6?$AA?9?$AA?5?$AAn?$AAo?$AAt?$AA?5?$AAe?$AAn?$AAo?$AAu?$AAg?$AAh?$AA?5?$AAs?$AAp?$AAa?$AAc?$AAe?$AA?5?$AAf?$AAo?$AAr?$AA?5?$AAl?$AAo@ 00410b70     LIBCMT:crt0msg.obj
 0002:00000bd8       ??_C@_1BOO@KGEDBGAJ@?$AAR?$AA6?$AA0?$AA3?$AA3?$AA?$AN?$AA?6?$AA?9?$AA?5?$AAA?$AAt?$AAt?$AAe?$AAm?$AAp?$AAt?$AA?5?$AAt?$AAo?$AA?5?$AAu?$AAs?$AAe?$AA?5?$AAM?$AAS?$AAI?$AAL?$AA?5?$AAc?$AAo?$AAd@ 00410bd8     LIBCMT:crt0msg.obj
 0002:00000dc8       ??_C@_1GG@MKFPEKFO@?$AAR?$AA6?$AA0?$AA3?$AA4?$AA?$AN?$AA?6?$AA?9?$AA?5?$AAi?$AAn?$AAc?$AAo?$AAn?$AAs?$AAi?$AAs?$AAt?$AAe?$AAn?$AAt?$AA?5?$AAo?$AAn?$AAe?$AAx?$AAi?$AAt?$AA?5?$AAb?$AAe?$AAg@ 00410dc8     LIBCMT:crt0msg.obj
 0002:00000e30       ??_C@_1BO@BFCDCGC@?$AAD?$AAO?$AAM?$AAA?$AAI?$AAN?$AA?5?$AAe?$AAr?$AAr?$AAo?$AAr?$AA?$AN?$AA?6?$AA?$AA@ 00410e30     LIBCMT:crt0msg.obj
 0002:00000e50       ??_C@_1BK@KMOMNAAI@?$AAS?$AAI?$AAN?$AAG?$AA?5?$AAe?$AAr?$AAr?$AAo?$AAr?$AA?$AN?$AA?6?$AA?$AA@ 00410e50     LIBCMT:crt0msg.obj
 0002:00000e6c       ??_C@_1BM@JBBEPPHI@?$AAT?$AAL?$AAO?$AAS?$AAS?$AA?5?$AAe?$AAr?$AAr?$AAo?$AAr?$AA?$AN?$AA?6?$AA?$AA@ 00410e6c     LIBCMT:crt0msg.obj
 0002:00000e88       ??_C@_15JNBOKNOG@?$AA?$AN?$AA?6?$AA?$AA@ 00410e88     LIBCMT:crt0msg.obj
 0002:00000e90       ??_C@_1BO@BKOMIGKJ@?$AAr?$AAu?$AAn?$AAt?$AAi?$AAm?$AAe?$AA?5?$AAe?$AAr?$AAr?$AAo?$AAr?$AA?5?$AA?$AA@ 00410e90     LIBCMT:crt0msg.obj
 0002:00000eb0       ??_C@_1DE@JNGNBFGO@?$AAR?$AAu?$AAn?$AAt?$AAi?$AAm?$AAe?$AA?5?$AAE?$AAr?$AAr?$AAo?$AAr?$AA?$CB?$AA?6?$AA?6?$AAP?$AAr?$AAo?$AAg?$AAr?$AAa?$AAm?$AA?3?$AA?5?$AA?$AA@ 00410eb0     LIBCMT:crt0msg.obj
 0002:00000ee4       ??_C@_1CO@EAEJAADC@?$AA?$DM?$AAp?$AAr?$AAo?$AAg?$AAr?$AAa?$AAm?$AA?5?$AAn?$AAa?$AAm?$AAe?$AA?5?$AAu?$AAn?$AAk?$AAn?$AAo?$AAw?$AAn?$AA?$DO?$AA?$AA@ 00410ee4     LIBCMT:crt0msg.obj
 0002:00000f14       ??_C@_17LGKOMLJ@?$AA?4?$AA?4?$AA?4?$AA?$AA@ 00410f14     LIBCMT:crt0msg.obj
 0002:00000f1c       ??_C@_15IABLJNFO@?$AA?6?$AA?6?$AA?$AA@ 00410f1c     LIBCMT:crt0msg.obj
 0002:00000f28       ??_C@_1EK@MBDPDCGA@?$AAM?$AAi?$AAc?$AAr?$AAo?$AAs?$AAo?$AAf?$AAt?$AA?5?$AAV?$AAi?$AAs?$AAu?$AAa?$AAl?$AA?5?$AAC?$AA?$CL?$AA?$CL?$AA?5?$AAR?$AAu?$AAn?$AAt?$AAi?$AAm?$AAe?$AA?5?$AAL?$AAi?$AAb@ 00410f28     LIBCMT:crt0msg.obj
 0002:00000f84       ??_C@_1M@HPNHIDJI@?$AAj?$AAa?$AA?9?$AAJ?$AAP?$AA?$AA@ 00410f84     LIBCMT:mbctype.obj
 0002:00000f90       ??_C@_1M@BIBDDEMK@?$AAz?$AAh?$AA?9?$AAC?$AAN?$AA?$AA@ 00410f90     LIBCMT:mbctype.obj
 0002:00000f9c       ??_C@_1M@JLOOOEGK@?$AAk?$AAo?$AA?9?$AAK?$AAR?$AA?$AA@ 00410f9c     LIBCMT:mbctype.obj
 0002:00000fa8       ??_C@_1M@CLNBBOPM@?$AAz?$AAh?$AA?9?$AAT?$AAW?$AA?$AA@ 00410fa8     LIBCMT:mbctype.obj
 0002:00000fb4       ??_C@_03KOEHGMDN@Sun?$AA@  00410fb4     LIBCMT:nlsdata.obj
 0002:00000fb8       ??_C@_03PDAGKDH@Mon?$AA@   00410fb8     LIBCMT:nlsdata.obj
 0002:00000fbc       ??_C@_03NAGEINEP@Tue?$AA@  00410fbc     LIBCMT:nlsdata.obj
 0002:00000fc0       ??_C@_03MHOMLAJA@Wed?$AA@  00410fc0     LIBCMT:nlsdata.obj
 0002:00000fc4       ??_C@_03IOFIKPDN@Thu?$AA@  00410fc4     LIBCMT:nlsdata.obj
 0002:00000fc8       ??_C@_03IDIOELNC@Fri?$AA@  00410fc8     LIBCMT:nlsdata.obj
 0002:00000fcc       ??_C@_03FEFJNEK@Sat?$AA@   00410fcc     LIBCMT:nlsdata.obj
 0002:00000fd0       ??_C@_06OOPIFAJ@Sunday?$AA@ 00410fd0     LIBCMT:nlsdata.obj
 0002:00000fd8       ??_C@_06JLEDEDGH@Monday?$AA@ 00410fd8     LIBCMT:nlsdata.obj
 0002:00000fe0       ??_C@_07BAAGCFCM@Tuesday?$AA@ 00410fe0     LIBCMT:nlsdata.obj
 0002:00000fe8       ??_C@_09DLIGFAKA@Wednesday?$AA@ 00410fe8     LIBCMT:nlsdata.obj
 0002:00000ff4       ??_C@_08HACCIKIA@Thursday?$AA@ 00410ff4     LIBCMT:nlsdata.obj
 0002:00001000       ??_C@_06JECMNKMI@Friday?$AA@ 00411000     LIBCMT:nlsdata.obj
 0002:00001008       ??_C@_08INBOOONO@Saturday?$AA@ 00411008     LIBCMT:nlsdata.obj
 0002:00001014       ??_C@_03JIHJHPIE@Jan?$AA@  00411014     LIBCMT:nlsdata.obj
 0002:00001018       ??_C@_03HJBDCHOM@Feb?$AA@  00411018     LIBCMT:nlsdata.obj
 0002:0000101c       ??_C@_03ODNJBKGA@Mar?$AA@  0041101c     LIBCMT:nlsdata.obj
 0002:00001020       ??_C@_03LEOLGMJP@Apr?$AA@  00411020     LIBCMT:nlsdata.obj
 0002:00001024       ??_C@_03CNMDKL@May?$AA@    00411024     LIBCMT:nlsdata.obj
 0002:00001028       ??_C@_03IDFGHECI@Jun?$AA@  00411028     LIBCMT:nlsdata.obj
 0002:0000102c       ??_C@_03LBGABGKK@Jul?$AA@  0041102c     LIBCMT:nlsdata.obj
 0002:00001030       ??_C@_03IFJFEIGA@Aug?$AA@  00411030     LIBCMT:nlsdata.obj
 0002:00001034       ??_C@_03GGCAPAJC@Sep?$AA@  00411034     LIBCMT:nlsdata.obj
 0002:00001038       ??_C@_03BMAOKBAD@Oct?$AA@  00411038     LIBCMT:nlsdata.obj
 0002:0000103c       ??_C@_03JPJOFNIA@Nov?$AA@  0041103c     LIBCMT:nlsdata.obj
 0002:00001040       ??_C@_03MKABNOCG@Dec?$AA@  00411040     LIBCMT:nlsdata.obj
 0002:00001044       ??_C@_07CGJPFGJA@January?$AA@ 00411044     LIBCMT:nlsdata.obj
 0002:0000104c       ??_C@_08GNJGEPFN@February?$AA@ 0041104c     LIBCMT:nlsdata.obj
 0002:00001058       ??_C@_05HPCKOFNC@March?$AA@ 00411058     LIBCMT:nlsdata.obj
 0002:00001060       ??_C@_05DMJDNLEJ@April?$AA@ 00411060     LIBCMT:nlsdata.obj
 0002:00001068       ??_C@_04CNLMGBGM@June?$AA@ 00411068     LIBCMT:nlsdata.obj
 0002:00001070       ??_C@_04MIEPOIFP@July?$AA@ 00411070     LIBCMT:nlsdata.obj
 0002:00001078       ??_C@_06LBBHFDDG@August?$AA@ 00411078     LIBCMT:nlsdata.obj
 0002:00001080       ??_C@_09BHHEALKD@September?$AA@ 00411080     LIBCMT:nlsdata.obj
 0002:0000108c       ??_C@_07JJNFCEND@October?$AA@ 0041108c     LIBCMT:nlsdata.obj
 0002:00001094       ??_C@_08HCHEGEOA@November?$AA@ 00411094     LIBCMT:nlsdata.obj
 0002:000010a0       ??_C@_08EDHMEBNP@December?$AA@ 004110a0     LIBCMT:nlsdata.obj
 0002:000010ac       ??_C@_02DEDBPAFC@AM?$AA@   004110ac     LIBCMT:nlsdata.obj
 0002:000010b0       ??_C@_02CJNFDJBF@PM?$AA@   004110b0     LIBCMT:nlsdata.obj
 0002:000010b4       ??_C@_08BPBNCDIB@MM?1dd?1yy?$AA@ 004110b4     LIBCMT:nlsdata.obj
 0002:000010c0       ??_C@_0BE@CKGJFCPC@dddd?0?5MMMM?5dd?0?5yyyy?$AA@ 004110c0     LIBCMT:nlsdata.obj
 0002:000010d4       ??_C@_08JCCMCCIL@HH?3mm?3ss?$AA@ 004110d4     LIBCMT:nlsdata.obj
 0002:000010e0       ??_C@_17MBGCMIPB@?$AAS?$AAu?$AAn?$AA?$AA@ 004110e0     LIBCMT:nlsdata.obj
 0002:000010e8       ??_C@_17KBOMKBF@?$AAM?$AAo?$AAn?$AA?$AA@ 004110e8     LIBCMT:nlsdata.obj
 0002:000010f0       ??_C@_17BMKGEGOJ@?$AAT?$AAu?$AAe?$AA?$AA@ 004110f0     LIBCMT:nlsdata.obj
 0002:000010f8       ??_C@_17CJEDCEPE@?$AAW?$AAe?$AAd?$AA?$AA@ 004110f8     LIBCMT:nlsdata.obj
 0002:00001100       ??_C@_17PDPHAADD@?$AAT?$AAh?$AAu?$AA?$AA@ 00411100     LIBCMT:nlsdata.obj
 0002:00001108       ??_C@_17HFOLPPLP@?$AAF?$AAr?$AAi?$AA?$AA@ 00411108     LIBCMT:nlsdata.obj
 0002:00001110       ??_C@_17GGIBDPIH@?$AAS?$AAa?$AAt?$AA?$AA@ 00411110     LIBCMT:nlsdata.obj
 0002:00001118       ??_C@_1O@IHNHDHPB@?$AAS?$AAu?$AAn?$AAd?$AAa?$AAy?$AA?$AA@ 00411118     LIBCMT:nlsdata.obj
 0002:00001128       ??_C@_1O@MMNBFLIA@?$AAM?$AAo?$AAn?$AAd?$AAa?$AAy?$AA?$AA@ 00411128     LIBCMT:nlsdata.obj
 0002:00001138       ??_C@_1BA@ENFBFFEK@?$AAT?$AAu?$AAe?$AAs?$AAd?$AAa?$AAy?$AA?$AA@ 00411138     LIBCMT:nlsdata.obj
 0002:00001148       ??_C@_1BE@EBOGMDOH@?$AAW?$AAe?$AAd?$AAn?$AAe?$AAs?$AAd?$AAa?$AAy?$AA?$AA@ 00411148     LIBCMT:nlsdata.obj
 0002:0000115c       ??_C@_1BC@HHMNLIHE@?$AAT?$AAh?$AAu?$AAr?$AAs?$AAd?$AAa?$AAy?$AA?$AA@ 0041115c     LIBCMT:nlsdata.obj
 0002:00001170       ??_C@_1O@PDICJHAG@?$AAF?$AAr?$AAi?$AAd?$AAa?$AAy?$AA?$AA@ 00411170     LIBCMT:nlsdata.obj
 0002:00001180       ??_C@_1BC@ENMNNPAJ@?$AAS?$AAa?$AAt?$AAu?$AAr?$AAd?$AAa?$AAy?$AA?$AA@ 00411180     LIBCMT:nlsdata.obj
 0002:00001194       ??_C@_17DKNBKCHM@?$AAJ?$AAa?$AAn?$AA?$AA@ 00411194     LIBCMT:nlsdata.obj
 0002:0000119c       ??_C@_17LMDJEKJN@?$AAF?$AAe?$AAb?$AA?$AA@ 0041119c     LIBCMT:nlsdata.obj
 0002:000011a4       ??_C@_17CKNLEDEC@?$AAM?$AAa?$AAr?$AA?$AA@ 004111a4     LIBCMT:nlsdata.obj
 0002:000011ac       ??_C@_17LFPOIHDD@?$AAA?$AAp?$AAr?$AA?$AA@ 004111ac     LIBCMT:nlsdata.obj
 0002:000011b4       ??_C@_17PNNKMEED@?$AAM?$AAa?$AAy?$AA?$AA@ 004111b4     LIBCMT:nlsdata.obj
 0002:000011bc       ??_C@_17KCJGOCPB@?$AAJ?$AAu?$AAn?$AA?$AA@ 004111bc     LIBCMT:nlsdata.obj
 0002:000011c4       ??_C@_17IJPCKHK@?$AAJ?$AAu?$AAl?$AA?$AA@ 004111c4     LIBCMT:nlsdata.obj
 0002:000011cc       ??_C@_17ICPELBCN@?$AAA?$AAu?$AAg?$AA?$AA@ 004111cc     LIBCMT:nlsdata.obj
 0002:000011d4       ??_C@_17HCHCOKMG@?$AAS?$AAe?$AAp?$AA?$AA@ 004111d4     LIBCMT:nlsdata.obj
 0002:000011dc       ??_C@_17FNLKOI@?$AAO?$AAc?$AAt?$AA?$AA@ 004111dc     LIBCMT:nlsdata.obj
 0002:000011e4       ??_C@_17BBDMLCIG@?$AAN?$AAo?$AAv?$AA?$AA@ 004111e4     LIBCMT:nlsdata.obj
 0002:000011ec       ??_C@_17EGKACKIF@?$AAD?$AAe?$AAc?$AA?$AA@ 004111ec     LIBCMT:nlsdata.obj
 0002:000011f4       ??_C@_1BA@EFMEIEBA@?$AAJ?$AAa?$AAn?$AAu?$AAa?$AAr?$AAy?$AA?$AA@ 004111f4     LIBCMT:nlsdata.obj
 0002:00001204       ??_C@_1BC@JGDDFFAM@?$AAF?$AAe?$AAb?$AAr?$AAu?$AAa?$AAr?$AAy?$AA?$AA@ 00411204     LIBCMT:nlsdata.obj
 0002:00001218       ??_C@_1M@IKEENEDF@?$AAM?$AAa?$AAr?$AAc?$AAh?$AA?$AA@ 00411218     LIBCMT:nlsdata.obj
 0002:00001224       ??_C@_1M@GJNLMHFD@?$AAA?$AAp?$AAr?$AAi?$AAl?$AA?$AA@ 00411224     LIBCMT:nlsdata.obj
 0002:00001230       ??_C@_19EPFLPGAP@?$AAJ?$AAu?$AAn?$AAe?$AA?$AA@ 00411230     LIBCMT:nlsdata.obj
 0002:0000123c       ??_C@_19BIFMLPCD@?$AAJ?$AAu?$AAl?$AAy?$AA?$AA@ 0041123c     LIBCMT:nlsdata.obj
 0002:00001248       ??_C@_1O@PAHLKOAC@?$AAA?$AAu?$AAg?$AAu?$AAs?$AAt?$AA?$AA@ 00411248     LIBCMT:nlsdata.obj
 0002:00001258       ??_C@_1BE@DKAAMBJL@?$AAS?$AAe?$AAp?$AAt?$AAe?$AAm?$AAb?$AAe?$AAr?$AA?$AA@ 00411258     LIBCMT:nlsdata.obj
 0002:0000126c       ??_C@_1BA@EPANDLNG@?$AAO?$AAc?$AAt?$AAo?$AAb?$AAe?$AAr?$AA?$AA@ 0041126c     LIBCMT:nlsdata.obj
 0002:0000127c       ??_C@_1BC@BGLIFPF@?$AAN?$AAo?$AAv?$AAe?$AAm?$AAb?$AAe?$AAr?$AA?$AA@ 0041127c     LIBCMT:nlsdata.obj
 0002:00001290       ??_C@_1BC@FEMKIFH@?$AAD?$AAe?$AAc?$AAe?$AAm?$AAb?$AAe?$AAr?$AA?$AA@ 00411290     LIBCMT:nlsdata.obj
 0002:000012a4       ??_C@_15ODEHAHHF@?$AAA?$AAM?$AA?$AA@ 004112a4     LIBCMT:nlsdata.obj
 0002:000012ac       ??_C@_15CLMNNGEL@?$AAP?$AAM?$AA?$AA@ 004112ac     LIBCMT:nlsdata.obj
 0002:000012b4       ??_C@_1BC@IEBCMHCM@?$AAM?$AAM?$AA?1?$AAd?$AAd?$AA?1?$AAy?$AAy?$AA?$AA@ 004112b4     LIBCMT:nlsdata.obj
 0002:000012c8       ??_C@_1CI@KNAKOEBC@?$AAd?$AAd?$AAd?$AAd?$AA?0?$AA?5?$AAM?$AAM?$AAM?$AAM?$AA?5?$AAd?$AAd?$AA?0?$AA?5?$AAy?$AAy?$AAy?$AAy?$AA?$AA@ 004112c8     LIBCMT:nlsdata.obj
 0002:000012f0       ??_C@_1BC@GDGBMEMK@?$AAH?$AAH?$AA?3?$AAm?$AAm?$AA?3?$AAs?$AAs?$AA?$AA@ 004112f0     LIBCMT:nlsdata.obj
 0002:00001304       ??_C@_1M@BMHNFIME@?$AAe?$AAn?$AA?9?$AAU?$AAS?$AA?$AA@ 00411304     LIBCMT:nlsdata.obj
 0002:00001390       ??_C@_1BK@MGMFAEKH@?$AAk?$AAe?$AAr?$AAn?$AAe?$AAl?$AA3?$AA2?$AA?4?$AAd?$AAl?$AAl?$AA?$AA@ 00411390     LIBCMT:winapisupp.obj
 0002:000013ac       ??_C@_08KNHFBNJ@FlsAlloc?$AA@ 004113ac     LIBCMT:winapisupp.obj
 0002:000013b8       ??_C@_07PEJMOBNF@FlsFree?$AA@ 004113b8     LIBCMT:winapisupp.obj
 0002:000013c0       ??_C@_0M@GDNOONDI@FlsGetValue?$AA@ 004113c0     LIBCMT:winapisupp.obj
 0002:000013cc       ??_C@_0M@JCPCPOEF@FlsSetValue?$AA@ 004113cc     LIBCMT:winapisupp.obj
 0002:000013d8       ??_C@_0BM@HCFOFFN@InitializeCriticalSectionEx?$AA@ 004113d8     LIBCMT:winapisupp.obj
 0002:000013f4       ??_C@_0P@DLHPPCNH@CreateEventExW?$AA@ 004113f4     LIBCMT:winapisupp.obj
 0002:00001404       ??_C@_0BD@KIEEOEEH@CreateSemaphoreExW?$AA@ 00411404     LIBCMT:winapisupp.obj
 0002:00001418       ??_C@_0BI@BKLFFAPO@SetThreadStackGuarantee?$AA@ 00411418     LIBCMT:winapisupp.obj
 0002:00001430       ??_C@_0BG@OGFAJCKC@CreateThreadpoolTimer?$AA@ 00411430     LIBCMT:winapisupp.obj
 0002:00001448       ??_C@_0BD@LPLEMMDI@SetThreadpoolTimer?$AA@ 00411448     LIBCMT:winapisupp.obj
 0002:0000145c       ??_C@_0CA@FMNJENH@WaitForThreadpoolTimerCallbacks?$AA@ 0041145c     LIBCMT:winapisupp.obj
 0002:0000147c       ??_C@_0BF@DCFCCNOC@CloseThreadpoolTimer?$AA@ 0041147c     LIBCMT:winapisupp.obj
 0002:00001494       ??_C@_0BF@FLABGKKM@CreateThreadpoolWait?$AA@ 00411494     LIBCMT:winapisupp.obj
 0002:000014ac       ??_C@_0BC@MGCOHNA@SetThreadpoolWait?$AA@ 004114ac     LIBCMT:winapisupp.obj
 0002:000014c0       ??_C@_0BE@OCIOMIMP@CloseThreadpoolWait?$AA@ 004114c0     LIBCMT:winapisupp.obj
 0002:000014d4       ??_C@_0BJ@LKGHFHBO@FlushProcessWriteBuffers?$AA@ 004114d4     LIBCMT:winapisupp.obj
 0002:000014f0       ??_C@_0BP@KALKKPMO@FreeLibraryWhenCallbackReturns?$AA@ 004114f0     LIBCMT:winapisupp.obj
 0002:00001510       ??_C@_0BK@DFNBACLA@GetCurrentProcessorNumber?$AA@ 00411510     LIBCMT:winapisupp.obj
 0002:0000152c       ??_C@_0BP@KHGALBC@GetLogicalProcessorInformation?$AA@ 0041152c     LIBCMT:winapisupp.obj
 0002:0000154c       ??_C@_0BE@FKKLLFLM@CreateSymbolicLinkW?$AA@ 0041154c     LIBCMT:winapisupp.obj
 0002:00001560       ??_C@_0BJ@OHNKDLIJ@SetDefaultDllDirectories?$AA@ 00411560     LIBCMT:winapisupp.obj
 0002:0000157c       ??_C@_0BE@LJANKFHF@EnumSystemLocalesEx?$AA@ 0041157c     LIBCMT:winapisupp.obj
 0002:00001590       ??_C@_0BA@IHGNDAEB@CompareStringEx?$AA@ 00411590     LIBCMT:winapisupp.obj
 0002:000015a0       ??_C@_0BA@EPCJIIPD@GetDateFormatEx?$AA@ 004115a0     LIBCMT:winapisupp.obj
 0002:000015b0       ??_C@_0BA@ONOKGCMP@GetLocaleInfoEx?$AA@ 004115b0     LIBCMT:winapisupp.obj
 0002:000015c0       ??_C@_0BA@CIJJKCJJ@GetTimeFormatEx?$AA@ 004115c0     LIBCMT:winapisupp.obj
 0002:000015d0       ??_C@_0BJ@PBCCBIPI@GetUserDefaultLocaleName?$AA@ 004115d0     LIBCMT:winapisupp.obj
 0002:000015ec       ??_C@_0BC@CELBKLLA@IsValidLocaleName?$AA@ 004115ec     LIBCMT:winapisupp.obj
 0002:00001600       ??_C@_0O@KKBNKAPF@LCMapStringEx?$AA@ 00411600     LIBCMT:winapisupp.obj
 0002:00001610       ??_C@_0BE@JOGNEJCI@GetCurrentPackageId?$AA@ 00411610     LIBCMT:winapisupp.obj
 0002:00001624       ??_C@_0P@CDHHOHKP@GetTickCount64?$AA@ 00411624     LIBCMT:winapisupp.obj
 0002:00001634       ??_C@_0BO@KPCLFDJJ@GetFileInformationByHandleExW?$AA@ 00411634     LIBCMT:winapisupp.obj
 0002:00001654       ??_C@_0BM@MHIDLABK@SetFileInformationByHandleW?$AA@ 00411654     LIBCMT:winapisupp.obj
 0002:00001670       ___lookuptable_s           00411670     LIBCMT:outputs.obj
 0002:000016d4       ??_C@_1BG@GOEBHBDC@?$AAU?$AAS?$AAE?$AAR?$AA3?$AA2?$AA?4?$AAD?$AAL?$AAL?$AA?$AA@ 004116d4     LIBCMT:crtmboxw.obj
 0002:000016ec       ??_C@_0M@DLDCCGNP@MessageBoxW?$AA@ 004116ec     LIBCMT:crtmboxw.obj
 0002:000016f8       ??_C@_0BA@HNOPNCHB@GetActiveWindow?$AA@ 004116f8     LIBCMT:crtmboxw.obj
 0002:00001708       ??_C@_0BD@HHGDFDBJ@GetLastActivePopup?$AA@ 00411708     LIBCMT:crtmboxw.obj
 0002:0000171c       ??_C@_0BK@DEKFELLI@GetUserObjectInformationW?$AA@ 0041171c     LIBCMT:crtmboxw.obj
 0002:00001738       ??_C@_0BI@DFKBFLJE@GetProcessWindowStation?$AA@ 00411738     LIBCMT:crtmboxw.obj
 0002:000018dc       ??_C@_08EHJDFFNH@__based?$CI?$AA@ 004118dc     LIBCMT:undname.obj
 0002:000018e8       ??_C@_07KOLFKCDI@__cdecl?$AA@ 004118e8     LIBCMT:undname.obj
 0002:000018f0       ??_C@_08GHMPAG@__pascal?$AA@ 004118f0     LIBCMT:undname.obj
 0002:000018fc       ??_C@_09IFJBGAPI@__stdcall?$AA@ 004118fc     LIBCMT:undname.obj
 0002:00001908       ??_C@_0L@NPHFGOKO@__thiscall?$AA@ 00411908     LIBCMT:undname.obj
 0002:00001914       ??_C@_0L@JMKHOMEK@__fastcall?$AA@ 00411914     LIBCMT:undname.obj
 0002:00001920       ??_C@_0N@BCKKPABJ@__vectorcall?$AA@ 00411920     LIBCMT:undname.obj
 0002:00001930       ??_C@_09HIJEGCPM@__clrcall?$AA@ 00411930     LIBCMT:undname.obj
 0002:0000193c       ??_C@_06GHPCKEAG@__eabi?$AA@ 0041193c     LIBCMT:undname.obj
 0002:00001944       ??_C@_07JOMMBBKO@__ptr64?$AA@ 00411944     LIBCMT:undname.obj
 0002:0000194c       ??_C@_0L@PILCLIHE@__restrict?$AA@ 0041194c     LIBCMT:undname.obj
 0002:00001958       ??_C@_0M@GFIIJFMG@__unaligned?$AA@ 00411958     LIBCMT:undname.obj
 0002:00001964       ??_C@_09DHDLOLLB@restrict?$CI?$AA@ 00411964     LIBCMT:undname.obj
 0002:0000196e       ??_C@_00CNPNBAHC@?$AA@     0041196e     LIBCMT:undname.obj
 0002:00001970       ??_C@_04NIHEBCM@?5new?$AA@ 00411970     LIBCMT:undname.obj
 0002:00001978       ??_C@_07FPCDHGMM@?5delete?$AA@ 00411978     LIBCMT:undname.obj
 0002:00001980       ??_C@_01NEMOKFLO@?$DN?$AA@ 00411980     LIBCMT:undname.obj
 0002:00001984       ??_C@_02GPIOPFAK@?$DO?$DO?$AA@ 00411984     LIBCMT:undname.obj
 0002:00001988       ??_C@_02FODMEDOG@?$DM?$DM?$AA@ 00411988     LIBCMT:undname.obj
 0002:0000198c       ??_C@_01DCLJPIOD@?$CB?$AA@ 0041198c     LIBCMT:undname.obj
 0002:00001990       ??_C@_02EGOFBIJA@?$DN?$DN?$AA@ 00411990     LIBCMT:undname.obj
 0002:00001994       ??_C@_02FDNJECIE@?$CB?$DN?$AA@ 00411994     LIBCMT:undname.obj
 0002:00001998       ??_C@_02GPECMEKF@?$FL?$FN?$AA@ 00411998     LIBCMT:undname.obj
 0002:0000199c       ??_C@_08LHJFAFGD@operator?$AA@ 0041199c     LIBCMT:undname.obj
 0002:000019a8       ??_C@_02HBOOOICD@?9?$DO?$AA@ 004119a8     LIBCMT:undname.obj
 0002:000019ac       ??_C@_01NBENCBCI@?$CK?$AA@ 004119ac     LIBCMT:undname.obj
 0002:000019b0       ??_C@_02ECNGHCIF@?$CL?$CL?$AA@ 004119b0     LIBCMT:undname.obj
 0002:000019b4       ??_C@_02BAABKJLB@?9?9?$AA@ 004119b4     LIBCMT:undname.obj
 0002:000019b8       ??_C@_01MIFGBAGJ@?$CL?$AA@ 004119b8     LIBCMT:undname.obj
 0002:000019bc       ??_C@_01HNPIGOCE@?$CG?$AA@ 004119bc     LIBCMT:undname.obj
 0002:000019c0       ??_C@_03MNHNFDLC@?9?$DO?$CK?$AA@ 004119c0     LIBCMT:undname.obj
 0002:000019c4       ??_C@_01KMDKNFGN@?1?$AA@   004119c4     LIBCMT:undname.obj
 0002:000019c8       ??_C@_01FGNFDNOH@?$CF?$AA@ 004119c8     LIBCMT:undname.obj
 0002:000019cc       ??_C@_01MNNFJEPP@?$DM?$AA@ 004119cc     LIBCMT:undname.obj
 0002:000019d0       ??_C@_02EHCHHCKH@?$DM?$DN?$AA@ 004119d0     LIBCMT:undname.obj
 0002:000019d4       ??_C@_01PPODPGHN@?$DO?$AA@ 004119d4     LIBCMT:undname.obj
 0002:000019d8       ??_C@_02EEKDKGMJ@?$DO?$DN?$AA@ 004119d8     LIBCMT:undname.obj
 0002:000019dc       ??_C@_01IHBHIGKO@?0?$AA@   004119dc     LIBCMT:undname.obj
 0002:000019e0       ??_C@_02HCKGKOFO@?$CI?$CJ?$AA@ 004119e0     LIBCMT:undname.obj
 0002:000019e4       ??_C@_01PJKLJHI@?$HO?$AA@  004119e4     LIBCMT:undname.obj
 0002:000019e8       ??_C@_01JKBOJNNK@?$FO?$AA@ 004119e8     LIBCMT:undname.obj
 0002:000019ec       ??_C@_01DNKMNLPK@?$HM?$AA@ 004119ec     LIBCMT:undname.obj
 0002:000019f0       ??_C@_02PPKAJPJL@?$CG?$CG?$AA@ 004119f0     LIBCMT:undname.obj
 0002:000019f4       ??_C@_02NONPIBCD@?$HM?$HM?$AA@ 004119f4     LIBCMT:undname.obj
 0002:000019f8       ??_C@_02FPIMKNGF@?$CK?$DN?$AA@ 004119f8     LIBCMT:undname.obj
 0002:000019fc       ??_C@_02FOEOMHFC@?$CL?$DN?$AA@ 004119fc     LIBCMT:undname.obj
 0002:00001a00       ??_C@_02FKMDLLOA@?9?$DN?$AA@ 00411a00     LIBCMT:undname.obj
 0002:00001a04       ??_C@_02FJEHGPIO@?1?$DN?$AA@ 00411a04     LIBCMT:undname.obj
 0002:00001a08       ??_C@_02FENAOKFI@?$CF?$DN?$AA@ 00411a08     LIBCMT:undname.obj
 0002:00001a0c       ??_C@_03IKFCCPFF@?$DO?$DO?$DN?$AA@ 00411a0c     LIBCMT:undname.obj
 0002:00001a10       ??_C@_03CDNPDDLA@?$DM?$DM?$DN?$AA@ 00411a10     LIBCMT:undname.obj
 0002:00001a14       ??_C@_02FGJGFEAB@?$CG?$DN?$AA@ 00411a14     LIBCMT:undname.obj
 0002:00001a18       ??_C@_02DHLNPPGH@?$HM?$DN?$AA@ 00411a18     LIBCMT:undname.obj
 0002:00001a1c       ??_C@_02MHEGNOJ@?$FO?$DN?$AA@ 00411a1c     LIBCMT:undname.obj
 0002:00001a20       ??_C@_09IFPLHPGF@?$GAvftable?8?$AA@ 00411a20     LIBCMT:undname.obj
 0002:00001a2c       ??_C@_09BLBHBJP@?$GAvbtable?8?$AA@ 00411a2c     LIBCMT:undname.obj
 0002:00001a38       ??_C@_07FEEIOKP@?$GAvcall?8?$AA@ 00411a38     LIBCMT:undname.obj
 0002:00001a40       ??_C@_08LLFFHHDJ@?$GAtypeof?8?$AA@ 00411a40     LIBCMT:undname.obj
 0002:00001a4c       ??_C@_0BF@KDPPACIK@?$GAlocal?5static?5guard?8?$AA@ 00411a4c     LIBCMT:undname.obj
 0002:00001a64       ??_C@_08OBABFOLI@?$GAstring?8?$AA@ 00411a64     LIBCMT:undname.obj
 0002:00001a70       ??_C@_0BD@JDLKDPAB@?$GAvbase?5destructor?8?$AA@ 00411a70     LIBCMT:undname.obj
 0002:00001a84       ??_C@_0BN@DEGPLNFK@?$GAvector?5deleting?5destructor?8?$AA@ 00411a84     LIBCMT:undname.obj
 0002:00001aa4       ??_C@_0BO@OBMKPJIG@?$GAdefault?5constructor?5closure?8?$AA@ 00411aa4     LIBCMT:undname.obj
 0002:00001ac4       ??_C@_0BN@IMDCHIKM@?$GAscalar?5deleting?5destructor?8?$AA@ 00411ac4     LIBCMT:undname.obj
 0002:00001ae4       ??_C@_0BO@PFGOCPJJ@?$GAvector?5constructor?5iterator?8?$AA@ 00411ae4     LIBCMT:undname.obj
 0002:00001b04       ??_C@_0BN@LFPFMEDL@?$GAvector?5destructor?5iterator?8?$AA@ 00411b04     LIBCMT:undname.obj
 0002:00001b24       ??_C@_0CE@IKBNEHA@?$GAvector?5vbase?5constructor?5iterat@ 00411b24     LIBCMT:undname.obj
 0002:00001b48       ??_C@_0BL@NILFHHPC@?$GAvirtual?5displacement?5map?8?$AA@ 00411b48     LIBCMT:undname.obj
 0002:00001b64       ??_C@_0CB@JONCMFFK@?$GAeh?5vector?5constructor?5iterator?8@ 00411b64     LIBCMT:undname.obj
 0002:00001b88       ??_C@_0CA@GCEOPDGL@?$GAeh?5vector?5destructor?5iterator?8?$AA@ 00411b88     LIBCMT:undname.obj
 0002:00001ba8       ??_C@_0CH@OOJPLCPH@?$GAeh?5vector?5vbase?5constructor?5ite@ 00411ba8     LIBCMT:undname.obj
 0002:00001bd0       ??_C@_0BL@LLKPOHJI@?$GAcopy?5constructor?5closure?8?$AA@ 00411bd0     LIBCMT:undname.obj
 0002:00001bec       ??_C@_0BA@KBCDOMBN@?$GAudt?5returning?8?$AA@ 00411bec     LIBCMT:undname.obj
 0002:00001bfc       ??_C@_03KLGMFNMG@?$GAEH?$AA@ 00411bfc     LIBCMT:undname.obj
 0002:00001c00       ??_C@_05KHLCHHI@?$GARTTI?$AA@ 00411c00     LIBCMT:undname.obj
 0002:00001c08       ??_C@_0BA@KKLDJDLB@?$GAlocal?5vftable?8?$AA@ 00411c08     LIBCMT:undname.obj
 0002:00001c18       ??_C@_0CE@IIHCMGGL@?$GAlocal?5vftable?5constructor?5closu@ 00411c18     LIBCMT:undname.obj
 0002:00001c3c       ??_C@_06FHBGPFGH@?5new?$FL?$FN?$AA@ 00411c3c     LIBCMT:undname.obj
 0002:00001c44       ??_C@_09LBNFPBCA@?5delete?$FL?$FN?$AA@ 00411c44     LIBCMT:undname.obj
 0002:00001c50       ??_C@_0P@HJKNJFNN@?$GAomni?5callsig?8?$AA@ 00411c50     LIBCMT:undname.obj
 0002:00001c60       ??_C@_0BL@CNOONJFP@?$GAplacement?5delete?5closure?8?$AA@ 00411c60     LIBCMT:undname.obj
 0002:00001c7c       ??_C@_0BN@CKNJLHMB@?$GAplacement?5delete?$FL?$FN?5closure?8?$AA@ 00411c7c     LIBCMT:undname.obj
 0002:00001c9c       ??_C@_0CG@CFDHKGGD@?$GAmanaged?5vector?5constructor?5iter@ 00411c9c     LIBCMT:undname.obj
 0002:00001cc4       ??_C@_0CF@IMGKMJNO@?$GAmanaged?5vector?5destructor?5itera@ 00411cc4     LIBCMT:undname.obj
 0002:00001cec       ??_C@_0CG@HLDDJMAG@?$GAeh?5vector?5copy?5constructor?5iter@ 00411cec     LIBCMT:undname.obj
 0002:00001d14       ??_C@_0CM@FCBBDIGB@?$GAeh?5vector?5vbase?5copy?5constructo@ 00411d14     LIBCMT:undname.obj
 0002:00001d40       ??_C@_0BL@CLIPGLGB@?$GAdynamic?5initializer?5for?5?8?$AA@ 00411d40     LIBCMT:undname.obj
 0002:00001d5c       ??_C@_0CB@PDBIFEP@?$GAdynamic?5atexit?5destructor?5for?5?8@ 00411d5c     LIBCMT:undname.obj
 0002:00001d80       ??_C@_0CD@CGAJBKEJ@?$GAvector?5copy?5constructor?5iterato@ 00411d80     LIBCMT:undname.obj
 0002:00001da4       ??_C@_0CJ@GJELGAMM@?$GAvector?5vbase?5copy?5constructor?5i@ 00411da4     LIBCMT:undname.obj
 0002:00001dd0       ??_C@_0CL@FGIJHLCE@?$GAmanaged?5vector?5copy?5constructor@ 00411dd0     LIBCMT:undname.obj
 0002:00001dfc       ??_C@_0BM@PMGGMLDN@?$GAlocal?5static?5thread?5guard?8?$AA@ 00411dfc     LIBCMT:undname.obj
 0002:00001e18       ??_C@_0BC@DAFEJGAK@?5Type?5Descriptor?8?$AA@ 00411e18     LIBCMT:undname.obj
 0002:00001e2c       ??_C@_0BM@LDKODKLH@?5Base?5Class?5Descriptor?5at?5?$CI?$AA@ 00411e2c     LIBCMT:undname.obj
 0002:00001e48       ??_C@_0BD@LGICGFMM@?5Base?5Class?5Array?8?$AA@ 00411e48     LIBCMT:undname.obj
 0002:00001e5c       ??_C@_0BN@MECKDCOJ@?5Class?5Hierarchy?5Descriptor?8?$AA@ 00411e5c     LIBCMT:undname.obj
 0002:00001e7c       ??_C@_0BK@CFCOFLF@?5Complete?5Object?5Locator?8?$AA@ 00411e7c     LIBCMT:undname.obj
 0002:00001e98       _LcidToLocaleNameTable     00411e98     LIBCMT:winapinls.obj
 0002:000025b8       _LocaleNameToIndexTable    004125b8     LIBCMT:winapinls.obj
 0002:00002cd8       ??_C@_15EMKDOKLE@?$AAa?$AAr?$AA?$AA@ 00412cd8     LIBCMT:winapinls.obj
 0002:00002ce0       ??_C@_15KNPADPLH@?$AAb?$AAg?$AA?$AA@ 00412ce0     LIBCMT:winapinls.obj
 0002:00002ce8       ??_C@_15EDMHLDMO@?$AAc?$AAa?$AA?$AA@ 00412ce8     LIBCMT:winapinls.obj
 0002:00002cf0       ??_C@_1O@BPEAJADD@?$AAz?$AAh?$AA?9?$AAC?$AAH?$AAS?$AA?$AA@ 00412cf0     LIBCMT:winapinls.obj
 0002:00002d00       ??_C@_15LJNHCMNK@?$AAc?$AAs?$AA?$AA@ 00412d00     LIBCMT:winapinls.obj
 0002:00002d08       ??_C@_15FOMCIDHG@?$AAd?$AAa?$AA?$AA@ 00412d08     LIBCMT:winapinls.obj
 0002:00002d10       ??_C@_15NBKABECB@?$AAd?$AAe?$AA?$AA@ 00412d10     LIBCMT:winapinls.obj
 0002:00002d18       ??_C@_15GHPEIIAO@?$AAe?$AAl?$AA?$AA@ 00412d18     LIBCMT:winapinls.obj
 0002:00002d20       ??_C@_15MNPNEAIF@?$AAe?$AAn?$AA?$AA@ 00412d20     LIBCMT:winapinls.obj
 0002:00002d28       ??_C@_15GPIOMPMH@?$AAe?$AAs?$AA?$AA@ 00412d28     LIBCMT:winapinls.obj
 0002:00002d30       ??_C@_15NGLOAKJC@?$AAf?$AAi?$AA?$AA@ 00412d30     LIBCMT:winapinls.obj
 0002:00002d38       ??_C@_15FBKGNKAM@?$AAf?$AAr?$AA?$AA@ 00412d38     LIBCMT:winapinls.obj
 0002:00002d40       ??_C@_15KGGCNEFK@?$AAh?$AAe?$AA?$AA@ 00412d40     LIBCMT:winapinls.obj
 0002:00002d48       ??_C@_15PGHLIDMF@?$AAh?$AAu?$AA?$AA@ 00412d48     LIBCMT:winapinls.obj
 0002:00002d50       ??_C@_15BIEMAPLM@?$AAi?$AAs?$AA?$AA@ 00412d50     LIBCMT:winapinls.obj
 0002:00002d58       ??_C@_15IFJLDHAF@?$AAi?$AAt?$AA?$AA@ 00412d58     LIBCMT:winapinls.obj
 0002:00002d60       ??_C@_15GEMIOCAG@?$AAj?$AAa?$AA?$AA@ 00412d60     LIBCMT:winapinls.obj
 0002:00002d68       ??_C@_15EPELEGJA@?$AAk?$AAo?$AA?$AA@ 00412d68     LIBCMT:winapinls.obj
 0002:00002d70       ??_C@_15NDDHIMN@?$AAn?$AAl?$AA?$AA@ 00412d70     LIBCMT:winapinls.obj
 0002:00002d78       ??_C@_15BPIGNHCD@?$AAn?$AAo?$AA?$AA@ 00412d78     LIBCMT:winapinls.obj
 0002:00002d80       ??_C@_15DEOPBLCG@?$AAp?$AAl?$AA?$AA@ 00412d80     LIBCMT:winapinls.obj
 0002:00002d88       ??_C@_15KBECGEFG@?$AAp?$AAt?$AA?$AA@ 00412d88     LIBCMT:winapinls.obj
 0002:00002d90       ??_C@_15GLJCBFMD@?$AAr?$AAo?$AA?$AA@ 00412d90     LIBCMT:winapinls.obj
 0002:00002d98       ??_C@_15FEDGKCDI@?$AAr?$AAu?$AA?$AA@ 00412d98     LIBCMT:winapinls.obj
 0002:00002da0       ??_C@_15GLKMLLHM@?$AAh?$AAr?$AA?$AA@ 00412da0     LIBCMT:winapinls.obj
 0002:00002da8       ??_C@_15CPKMFBDB@?$AAs?$AAk?$AA?$AA@ 00412da8     LIBCMT:winapinls.obj
 0002:00002db0       ??_C@_15BAAIOGMK@?$AAs?$AAq?$AA?$AA@ 00412db0     LIBCMT:winapinls.obj
 0002:00002db8       ??_C@_15INNPNOHD@?$AAs?$AAv?$AA?$AA@ 00412db8     LIBCMT:winapinls.obj
 0002:00002dc0       ??_C@_15CABMMOGH@?$AAt?$AAh?$AA?$AA@ 00412dc0     LIBCMT:winapinls.obj
 0002:00002dc8       ??_C@_15BPLIHJJM@?$AAt?$AAr?$AA?$AA@ 00412dc8     LIBCMT:winapinls.obj
 0002:00002dd0       ??_C@_15NEOEKKDJ@?$AAu?$AAr?$AA?$AA@ 00412dd0     LIBCMT:winapinls.obj
 0002:00002dd8       ??_C@_15NFICGAJK@?$AAi?$AAd?$AA?$AA@ 00412dd8     LIBCMT:winapinls.obj
 0002:00002de0       ??_C@_15PJPFLCCM@?$AAu?$AAk?$AA?$AA@ 00412de0     LIBCMT:winapinls.obj
 0002:00002de8       ??_C@_15HPJPHDM@?$AAb?$AAe?$AA?$AA@ 00412de8     LIBCMT:winapinls.obj
 0002:00002df0       ??_C@_15LCHLGJII@?$AAs?$AAl?$AA?$AA@ 00412df0     LIBCMT:winapinls.obj
 0002:00002df8       ??_C@_15PCFJPHHO@?$AAe?$AAt?$AA?$AA@ 00412df8     LIBCMT:winapinls.obj
 0002:00002e00       ??_C@_15HPFPGODN@?$AAl?$AAv?$AA?$AA@ 00412e00     LIBCMT:winapinls.obj
 0002:00002e08       ??_C@_15NFFGKGLG@?$AAl?$AAt?$AA?$AA@ 00412e08     LIBCMT:winapinls.obj
 0002:00002e10       ??_C@_15BDAKCCHN@?$AAf?$AAa?$AA?$AA@ 00412e10     LIBCMT:winapinls.obj
 0002:00002e18       ??_C@_15NFGIAIAJ@?$AAv?$AAi?$AA?$AA@ 00412e18     LIBCMT:winapinls.obj
 0002:00002e20       ??_C@_15LMKNDMHN@?$AAh?$AAy?$AA?$AA@ 00412e20     LIBCMT:winapinls.obj
 0002:00002e28       ??_C@_15IJBHMCFL@?$AAa?$AAz?$AA?$AA@ 00412e28     LIBCMT:winapinls.obj
 0002:00002e30       ??_C@_15EKOFJABL@?$AAe?$AAu?$AA?$AA@ 00412e30     LIBCMT:winapinls.obj
 0002:00002e38       ??_C@_15BGHADCNK@?$AAm?$AAk?$AA?$AA@ 00412e38     LIBCMT:winapinls.obj
 0002:00002e40       ??_C@_15JDNICKHM@?$AAa?$AAf?$AA?$AA@ 00412e40     LIBCMT:winapinls.obj
 0002:00002e48       ??_C@_15KPJEDBKD@?$AAk?$AAa?$AA?$AA@ 00412e48     LIBCMT:winapinls.obj
 0002:00002e50       ??_C@_15PDNFFFEO@?$AAf?$AAo?$AA?$AA@ 00412e50     LIBCMT:winapinls.obj
 0002:00002e58       ??_C@_15OMLEGLOC@?$AAh?$AAi?$AA?$AA@ 00412e58     LIBCMT:winapinls.obj
 0002:00002e60       ??_C@_15IDNNENKK@?$AAm?$AAs?$AA?$AA@ 00412e60     LIBCMT:winapinls.obj
 0002:00002e68       ??_C@_15MACJNBMH@?$AAk?$AAk?$AA?$AA@ 00412e68     LIBCMT:winapinls.obj
 0002:00002e70       ??_C@_15DKDJEOND@?$AAk?$AAy?$AA?$AA@ 00412e70     LIBCMT:winapinls.obj
 0002:00002e78       ??_C@_15DFGDLJBG@?$AAs?$AAw?$AA?$AA@ 00412e78     LIBCMT:winapinls.obj
 0002:00002e80       ??_C@_15BBFAICNG@?$AAu?$AAz?$AA?$AA@ 00412e80     LIBCMT:winapinls.obj
 0002:00002e88       ??_C@_15DKNDCGEA@?$AAt?$AAt?$AA?$AA@ 00412e88     LIBCMT:winapinls.obj
 0002:00002e90       ??_C@_15MGIFMDPL@?$AAp?$AAa?$AA?$AA@ 00412e90     LIBCMT:winapinls.obj
 0002:00002e98       ??_C@_15HCNDBBA@?$AAg?$AAu?$AA?$AA@ 00412e98     LIBCMT:winapinls.obj
 0002:00002ea0       ??_C@_15FNBEIBON@?$AAt?$AAa?$AA?$AA@ 00412ea0     LIBCMT:winapinls.obj
 0002:00002ea8       ??_C@_15NCHGBGLK@?$AAt?$AAe?$AA?$AA@ 00412ea8     LIBCMT:winapinls.obj
 0002:00002eb0       ??_C@_15PHPHCBPF@?$AAk?$AAn?$AA?$AA@ 00412eb0     LIBCMT:winapinls.obj
 0002:00002eb8       ??_C@_15DLGBCKMP@?$AAm?$AAr?$AA?$AA@ 00412eb8     LIBCMT:winapinls.obj
 0002:00002ec0       ??_C@_15EABBLBFF@?$AAs?$AAa?$AA?$AA@ 00412ec0     LIBCMT:winapinls.obj
 0002:00002ec8       ??_C@_15CBKOMCOI@?$AAm?$AAn?$AA?$AA@ 00412ec8     LIBCMT:winapinls.obj
 0002:00002ed0       ??_C@_15CKDMCJAF@?$AAg?$AAl?$AA?$AA@ 00412ed0     LIBCMT:winapinls.obj
 0002:00002ed8       ??_C@_17CNJFBPG@?$AAk?$AAo?$AAk?$AA?$AA@ 00412ed8     LIBCMT:winapinls.obj
 0002:00002ee0       ??_C@_17FFBJICPL@?$AAs?$AAy?$AAr?$AA?$AA@ 00412ee0     LIBCMT:winapinls.obj
 0002:00002ee8       ??_C@_17KPNDCPAF@?$AAd?$AAi?$AAv?$AA?$AA@ 00412ee8     LIBCMT:winapinls.obj
 0002:00002ef0       ??_C@_11LOCGONAA@?$AA?$AA@ 00412ef0     LIBCMT:winapinls.obj
 0002:00002ef4       ??_C@_1M@OKAHONE@?$AAa?$AAr?$AA?9?$AAS?$AAA?$AA?$AA@ 00412ef4     LIBCMT:winapinls.obj
 0002:00002f00       ??_C@_1M@FFFIGIGK@?$AAb?$AAg?$AA?9?$AAB?$AAG?$AA?$AA@ 00412f00     LIBCMT:winapinls.obj
 0002:00002f0c       ??_C@_1M@BJNKEDC@?$AAc?$AAa?$AA?9?$AAE?$AAS?$AA?$AA@ 00412f0c     LIBCMT:winapinls.obj
 0002:00002f18       ??_C@_1M@IJJHFJHA@?$AAc?$AAs?$AA?9?$AAC?$AAZ?$AA?$AA@ 00412f18     LIBCMT:winapinls.obj
 0002:00002f24       ??_C@_1M@CLPEOBGI@?$AAd?$AAa?$AA?9?$AAD?$AAK?$AA?$AA@ 00412f24     LIBCMT:winapinls.obj
 0002:00002f30       ??_C@_1M@MCMADGCB@?$AAd?$AAe?$AA?9?$AAD?$AAE?$AA?$AA@ 00412f30     LIBCMT:winapinls.obj
 0002:00002f3c       ??_C@_1M@OOCKEMAM@?$AAe?$AAl?$AA?9?$AAG?$AAR?$AA?$AA@ 00412f3c     LIBCMT:winapinls.obj
 0002:00002f48       ??_C@_1M@DDNJFGID@?$AAf?$AAi?$AA?9?$AAF?$AAI?$AA?$AA@ 00412f48     LIBCMT:winapinls.obj
 0002:00002f54       ??_C@_1M@GLIPPMAC@?$AAf?$AAr?$AA?9?$AAF?$AAR?$AA?$AA@ 00412f54     LIBCMT:winapinls.obj
 0002:00002f60       ??_C@_1M@GFMCHPE@?$AAh?$AAe?$AA?9?$AAI?$AAL?$AA?$AA@ 00412f60     LIBCMT:winapinls.obj
 0002:00002f6c       ??_C@_1M@MHLPGNKM@?$AAh?$AAu?$AA?9?$AAH?$AAU?$AA?$AA@ 00412f6c     LIBCMT:winapinls.obj
 0002:00002f78       ??_C@_1M@LPDDNNPN@?$AAi?$AAs?$AA?9?$AAI?$AAS?$AA?$AA@ 00412f78     LIBCMT:winapinls.obj
 0002:00002f84       ??_C@_1M@MADIPODN@?$AAi?$AAt?$AA?9?$AAI?$AAT?$AA?$AA@ 00412f84     LIBCMT:winapinls.obj
 0002:00002f90       ??_C@_1M@IHBJJGG@?$AAn?$AAl?$AA?9?$AAN?$AAL?$AA?$AA@ 00412f90     LIBCMT:winapinls.obj
 0002:00002f9c       ??_C@_1M@EANAGDL@?$AAn?$AAb?$AA?9?$AAN?$AAO?$AA?$AA@ 00412f9c     LIBCMT:winapinls.obj
 0002:00002fa8       ??_C@_1M@NEIEMEGP@?$AAp?$AAl?$AA?9?$AAP?$AAL?$AA?$AA@ 00412fa8     LIBCMT:winapinls.obj
 0002:00002fb4       ??_C@_1M@BOCFIGEP@?$AAp?$AAt?$AA?9?$AAB?$AAR?$AA?$AA@ 00412fb4     LIBCMT:winapinls.obj
 0002:00002fc0       ??_C@_1M@IMPFOPBG@?$AAr?$AAo?$AA?9?$AAR?$AAO?$AA?$AA@ 00412fc0     LIBCMT:winapinls.obj
 0002:00002fcc       ??_C@_1M@IDNNEJMM@?$AAr?$AAu?$AA?9?$AAR?$AAU?$AA?$AA@ 00412fcc     LIBCMT:winapinls.obj
 0002:00002fd8       ??_C@_1M@LILEEOGM@?$AAh?$AAr?$AA?9?$AAH?$AAR?$AA?$AA@ 00412fd8     LIBCMT:winapinls.obj
 0002:00002fe4       ??_C@_1M@FKIFEHPB@?$AAs?$AAk?$AA?9?$AAS?$AAK?$AA?$AA@ 00412fe4     LIBCMT:winapinls.obj
 0002:00002ff0       ??_C@_1M@LJMAMNPJ@?$AAs?$AAq?$AA?9?$AAA?$AAL?$AA?$AA@ 00412ff0     LIBCMT:winapinls.obj
 0002:00002ffc       ??_C@_1M@GIAKDKJK@?$AAs?$AAv?$AA?9?$AAS?$AAE?$AA?$AA@ 00412ffc     LIBCMT:winapinls.obj
 0002:00003008       ??_C@_1M@MKJKIKCL@?$AAt?$AAh?$AA?9?$AAT?$AAH?$AA?$AA@ 00413008     LIBCMT:winapinls.obj
 0002:00003014       ??_C@_1M@MFLCCMPB@?$AAt?$AAr?$AA?9?$AAT?$AAR?$AA?$AA@ 00413014     LIBCMT:winapinls.obj
 0002:00003020       ??_C@_1M@OIJHDKJN@?$AAu?$AAr?$AA?9?$AAP?$AAK?$AA?$AA@ 00413020     LIBCMT:winapinls.obj
 0002:0000302c       ??_C@_1M@LHIPCIEK@?$AAi?$AAd?$AA?9?$AAI?$AAD?$AA?$AA@ 0041302c     LIBCMT:winapinls.obj
 0002:00003038       ??_C@_1M@MFMOBGI@?$AAu?$AAk?$AA?9?$AAU?$AAA?$AA?$AA@ 00413038     LIBCMT:winapinls.obj
 0002:00003044       ??_C@_1M@OBGLJIPL@?$AAb?$AAe?$AA?9?$AAB?$AAY?$AA?$AA@ 00413044     LIBCMT:winapinls.obj
 0002:00003050       ??_C@_1M@BCFAJEAD@?$AAs?$AAl?$AA?9?$AAS?$AAI?$AA?$AA@ 00413050     LIBCMT:winapinls.obj
 0002:0000305c       ??_C@_1M@FKFFEDDN@?$AAe?$AAt?$AA?9?$AAE?$AAE?$AA?$AA@ 0041305c     LIBCMT:winapinls.obj
 0002:00003068       ??_C@_1M@KGKKAACI@?$AAl?$AAv?$AA?9?$AAL?$AAV?$AA?$AA@ 00413068     LIBCMT:winapinls.obj
 0002:00003074       ??_C@_1M@IFGBIJO@?$AAl?$AAt?$AA?9?$AAL?$AAT?$AA?$AA@ 00413074     LIBCMT:winapinls.obj
 0002:00003080       ??_C@_1M@FGEAHEDM@?$AAf?$AAa?$AA?9?$AAI?$AAR?$AA?$AA@ 00413080     LIBCMT:winapinls.obj
 0002:0000308c       ??_C@_1M@KBMAIBFN@?$AAv?$AAi?$AA?9?$AAV?$AAN?$AA?$AA@ 0041308c     LIBCMT:winapinls.obj
 0002:00003098       ??_C@_1M@GPCBKDJK@?$AAh?$AAy?$AA?9?$AAA?$AAM?$AA?$AA@ 00413098     LIBCMT:winapinls.obj
 0002:000030a4       ??_C@_1BG@BECMDDJB@?$AAa?$AAz?$AA?9?$AAA?$AAZ?$AA?9?$AAL?$AAa?$AAt?$AAn?$AA?$AA@ 004130a4     LIBCMT:winapinls.obj
 0002:000030bc       ??_C@_1M@MAOFCAEA@?$AAe?$AAu?$AA?9?$AAE?$AAS?$AA?$AA@ 004130bc     LIBCMT:winapinls.obj
 0002:000030c8       ??_C@_1M@IGHABKPI@?$AAm?$AAk?$AA?9?$AAM?$AAK?$AA?$AA@ 004130c8     LIBCMT:winapinls.obj
 0002:000030d4       ??_C@_1M@IAIGNEJG@?$AAt?$AAn?$AA?9?$AAZ?$AAA?$AA?$AA@ 004130d4     LIBCMT:winapinls.obj
 0002:000030e0       ??_C@_1M@IIJCOJFA@?$AAx?$AAh?$AA?9?$AAZ?$AAA?$AA?$AA@ 004130e0     LIBCMT:winapinls.obj
 0002:000030ec       ??_C@_1M@LGPJHNJH@?$AAz?$AAu?$AA?9?$AAZ?$AAA?$AA?$AA@ 004130ec     LIBCMT:winapinls.obj
 0002:000030f8       ??_C@_1M@HOKAOIO@?$AAa?$AAf?$AA?9?$AAZ?$AAA?$AA?$AA@ 004130f8     LIBCMT:winapinls.obj
 0002:00003104       ??_C@_1M@DPCLHLIE@?$AAk?$AAa?$AA?9?$AAG?$AAE?$AA?$AA@ 00413104     LIBCMT:winapinls.obj
 0002:00003110       ??_C@_1M@BLKMHJBI@?$AAf?$AAo?$AA?9?$AAF?$AAO?$AA?$AA@ 00413110     LIBCMT:winapinls.obj
 0002:0000311c       ??_C@_1M@LGGJAPPB@?$AAh?$AAi?$AA?9?$AAI?$AAN?$AA?$AA@ 0041311c     LIBCMT:winapinls.obj
 0002:00003128       ??_C@_1M@FIKPIHFE@?$AAm?$AAt?$AA?9?$AAM?$AAT?$AA?$AA@ 00413128     LIBCMT:winapinls.obj
 0002:00003134       ??_C@_1M@HEGGPBFA@?$AAs?$AAe?$AA?9?$AAN?$AAO?$AA?$AA@ 00413134     LIBCMT:winapinls.obj
 0002:00003140       ??_C@_1M@EIBJEEPA@?$AAm?$AAs?$AA?9?$AAM?$AAY?$AA?$AA@ 00413140     LIBCMT:winapinls.obj
 0002:0000314c       ??_C@_1M@FHLBGMPP@?$AAk?$AAk?$AA?9?$AAK?$AAZ?$AA?$AA@ 0041314c     LIBCMT:winapinls.obj
 0002:00003158       ??_C@_1M@NGJJLCGI@?$AAk?$AAy?$AA?9?$AAK?$AAG?$AA?$AA@ 00413158     LIBCMT:winapinls.obj
 0002:00003164       ??_C@_1M@GIENNBFC@?$AAs?$AAw?$AA?9?$AAK?$AAE?$AA?$AA@ 00413164     LIBCMT:winapinls.obj
 0002:00003170       ??_C@_1BG@NDGMJIMJ@?$AAu?$AAz?$AA?9?$AAU?$AAZ?$AA?9?$AAL?$AAa?$AAt?$AAn?$AA?$AA@ 00413170     LIBCMT:winapinls.obj
 0002:00003188       ??_C@_1M@IDCCIHBC@?$AAt?$AAt?$AA?9?$AAR?$AAU?$AA?$AA@ 00413188     LIBCMT:winapinls.obj
 0002:00003194       ??_C@_1M@LOICPMOJ@?$AAb?$AAn?$AA?9?$AAI?$AAN?$AA?$AA@ 00413194     LIBCMT:winapinls.obj
 0002:000031a0       ??_C@_1M@KPKKNEAH@?$AAp?$AAa?$AA?9?$AAI?$AAN?$AA?$AA@ 004131a0     LIBCMT:winapinls.obj
 0002:000031ac       ??_C@_1M@PJGPPBOG@?$AAg?$AAu?$AA?9?$AAI?$AAN?$AA?$AA@ 004131ac     LIBCMT:winapinls.obj
 0002:000031b8       ??_C@_1M@KMKMOPHI@?$AAt?$AAa?$AA?9?$AAI?$AAN?$AA?$AA@ 004131b8     LIBCMT:winapinls.obj
 0002:000031c4       ??_C@_1M@KFEHEPAC@?$AAt?$AAe?$AA?9?$AAI?$AAN?$AA?$AA@ 004131c4     LIBCMT:winapinls.obj
 0002:000031d0       ??_C@_1M@CDCLMGHI@?$AAk?$AAn?$AA?9?$AAI?$AAN?$AA?$AA@ 004131d0     LIBCMT:winapinls.obj
 0002:000031dc       ??_C@_1M@MIODLDKF@?$AAm?$AAl?$AA?9?$AAI?$AAN?$AA?$AA@ 004131dc     LIBCMT:winapinls.obj
 0002:000031e8       ??_C@_1M@PBIEACPO@?$AAm?$AAr?$AA?9?$AAI?$AAN?$AA?$AA@ 004131e8     LIBCMT:winapinls.obj
 0002:000031f4       ??_C@_1M@NIDEAGPH@?$AAs?$AAa?$AA?9?$AAI?$AAN?$AA?$AA@ 004131f4     LIBCMT:winapinls.obj
 0002:00003200       ??_C@_1M@FHIHCBIO@?$AAm?$AAn?$AA?9?$AAM?$AAN?$AA?$AA@ 00413200     LIBCMT:winapinls.obj
 0002:0000320c       ??_C@_1M@JAIJPENP@?$AAc?$AAy?$AA?9?$AAG?$AAB?$AA?$AA@ 0041320c     LIBCMT:winapinls.obj
 0002:00003218       ??_C@_1M@PHGFBEPN@?$AAg?$AAl?$AA?9?$AAE?$AAS?$AA?$AA@ 00413218     LIBCMT:winapinls.obj
 0002:00003224       ??_C@_1O@KPIPDNCP@?$AAk?$AAo?$AAk?$AA?9?$AAI?$AAN?$AA?$AA@ 00413224     LIBCMT:winapinls.obj
 0002:00003234       ??_C@_1O@KNHJLDJA@?$AAs?$AAy?$AAr?$AA?9?$AAS?$AAY?$AA?$AA@ 00413234     LIBCMT:winapinls.obj
 0002:00003244       ??_C@_1O@MKEKBLAH@?$AAd?$AAi?$AAv?$AA?9?$AAM?$AAV?$AA?$AA@ 00413244     LIBCMT:winapinls.obj
 0002:00003254       ??_C@_1O@OHDCKDDF@?$AAq?$AAu?$AAz?$AA?9?$AAB?$AAO?$AA?$AA@ 00413254     LIBCMT:winapinls.obj
 0002:00003264       ??_C@_1M@LEPJNLFD@?$AAn?$AAs?$AA?9?$AAZ?$AAA?$AA?$AA@ 00413264     LIBCMT:winapinls.obj
 0002:00003270       ??_C@_1M@OMLEIIJB@?$AAm?$AAi?$AA?9?$AAN?$AAZ?$AA?$AA@ 00413270     LIBCMT:winapinls.obj
 0002:0000327c       ??_C@_1M@PMPEAILG@?$AAa?$AAr?$AA?9?$AAI?$AAQ?$AA?$AA@ 0041327c     LIBCMT:winapinls.obj
 0002:00003288       ??_C@_1M@CNKPNOEE@?$AAd?$AAe?$AA?9?$AAC?$AAH?$AA?$AA@ 00413288     LIBCMT:winapinls.obj
 0002:00003294       ??_C@_1M@LKMGMLKO@?$AAe?$AAn?$AA?9?$AAG?$AAB?$AA?$AA@ 00413294     LIBCMT:winapinls.obj
 0002:000032a0       ??_C@_1M@PGKJFFGL@?$AAe?$AAs?$AA?9?$AAM?$AAX?$AA?$AA@ 004132a0     LIBCMT:winapinls.obj
 0002:000032ac       ??_C@_1M@DNNANBDC@?$AAf?$AAr?$AA?9?$AAB?$AAE?$AA?$AA@ 004132ac     LIBCMT:winapinls.obj
 0002:000032b8       ??_C@_1M@HLGMDFHM@?$AAi?$AAt?$AA?9?$AAC?$AAH?$AA?$AA@ 004132b8     LIBCMT:winapinls.obj
 0002:000032c4       ??_C@_1M@CLLBGJH@?$AAn?$AAl?$AA?9?$AAB?$AAE?$AA?$AA@ 004132c4     LIBCMT:winapinls.obj
 0002:000032d0       ??_C@_1M@BODBOGLF@?$AAn?$AAn?$AA?9?$AAN?$AAO?$AA?$AA@ 004132d0     LIBCMT:winapinls.obj
 0002:000032dc       ??_C@_1M@HFFAHKAD@?$AAp?$AAt?$AA?9?$AAP?$AAT?$AA?$AA@ 004132dc     LIBCMT:winapinls.obj
 0002:000032e8       ??_C@_1BG@LNOAKHIE@?$AAs?$AAr?$AA?9?$AAS?$AAP?$AA?9?$AAL?$AAa?$AAt?$AAn?$AA?$AA@ 004132e8     LIBCMT:winapinls.obj
 0002:00003300       ??_C@_1M@HBMHBGAK@?$AAs?$AAv?$AA?9?$AAF?$AAI?$AA?$AA@ 00413300     LIBCMT:winapinls.obj
 0002:0000330c       ??_C@_1BG@DGCJGJBE@?$AAa?$AAz?$AA?9?$AAA?$AAZ?$AA?9?$AAC?$AAy?$AAr?$AAl?$AA?$AA@ 0041330c     LIBCMT:winapinls.obj
 0002:00003324       ??_C@_1M@KEJDAAHB@?$AAs?$AAe?$AA?9?$AAS?$AAE?$AA?$AA@ 00413324     LIBCMT:winapinls.obj
 0002:00003330       ??_C@_1M@HEIBJJAD@?$AAm?$AAs?$AA?9?$AAB?$AAN?$AA?$AA@ 00413330     LIBCMT:winapinls.obj
[...]
 0000:fffe5000       .debug$S                   00400000     kernel32:KERNEL32.dll
 0000:fffe5000       .debug$S                   00400000     kernel32:KERNEL32.dll
 0000:fffe5000       .debug$S                   00400000     kernel32:KERNEL32.dll
 0000:fffe5000       .debug$S                   00400000     kernel32:KERNEL32.dll
 0000:fffe5000       .debug$S                   00400000     kernel32:KERNEL32.dll
 0000:fffe5000       .debug$S                   00400000     kernel32:KERNEL32.dll
 0000:fffe5000       .debug$S                   00400000     kernel32:KERNEL32.dll
 0000:fffe5000       .debug$S                   00400000     kernel32:KERNEL32.dll
 0000:fffe5000       .debug$S                   00400000     kernel32:KERNEL32.dll
 0000:fffe5000       .debug$S                   00400000     kernel32:KERNEL32.dll
 0000:fffe5000       .debug$S                   00400000     kernel32:KERNEL32.dll
 0000:fffe5000       .debug$S                   00400000     kernel32:KERNEL32.dll
 0000:fffe5000       .debug$S                   00400000     kernel32:KERNEL32.dll
 0000:fffe5000       .debug$S                   00400000     kernel32:KERNEL32.dll
 0000:fffe5000       .debug$S                   00400000     kernel32:KERNEL32.dll
 0000:fffe5000       .debug$S                   00400000     kernel32:KERNEL32.dll
 0000:fffe5000       .debug$S                   00400000     kernel32:KERNEL32.dll
 0000:fffe5000       .debug$S                   00400000     kernel32:KERNEL32.dll
 0000:fffe5000       .debug$S                   00400000     kernel32:KERNEL32.dll
 0000:fffe5000       .debug$S                   00400000     kernel32:KERNEL32.dll
 0000:fffe5000       .debug$S                   00400000     kernel32:KERNEL32.dll
 0000:fffe5000       .debug$S                   00400000     kernel32:KERNEL32.dll
 0000:fffe5000       .debug$S                   00400000     kernel32:KERNEL32.dll
 0000:fffe5000       .debug$S                   00400000     kernel32:KERNEL32.dll
 0000:fffe5000       .debug$S                   00400000     kernel32:KERNEL32.dll
 0000:fffe5000       .debug$S                   00400000     kernel32:KERNEL32.dll
 0000:fffe5000       .debug$S                   00400000     kernel32:KERNEL32.dll
 0000:fffe5000       .debug$S                   00400000     kernel32:KERNEL32.dll
 0000:fffe5000       .debug$S                   00400000     kernel32:KERNEL32.dll
 0000:fffe5000       .debug$S                   00400000     kernel32:KERNEL32.dll
 0000:fffe5000       .debug$S                   00400000     kernel32:KERNEL32.dll
 0000:fffe5000       .debug$S                   00400000     kernel32:KERNEL32.dll
 0000:fffe5000       .debug$S                   00400000     kernel32:KERNEL32.dll
 0000:fffe5000       .debug$S                   00400000     kernel32:KERNEL32.dll
 0000:fffe5000       .debug$S                   00400000     kernel32:KERNEL32.dll
 0000:fffe5000       .debug$S                   00400000     kernel32:KERNEL32.dll
 0000:fffe5000       .debug$S                   00400000     kernel32:KERNEL32.dll
 0000:fffe5000       .debug$S                   00400000     kernel32:KERNEL32.dll
 0000:fffe5000       .debug$S                   00400000     kernel32:KERNEL32.dll
 0000:fffe5000       .debug$S                   00400000     kernel32:KERNEL32.dll
 0000:fffe5000       .debug$S                   00400000     kernel32:KERNEL32.dll
 0000:fffe5000       .debug$S                   00400000     kernel32:KERNEL32.dll
 0000:fffe5000       .debug$S                   00400000     kernel32:KERNEL32.dll
 0000:fffe5000       .debug$S                   00400000     kernel32:KERNEL32.dll
 0000:fffe5000       .debug$S                   00400000     kernel32:KERNEL32.dll
 0000:fffe5000       .debug$S                   00400000     kernel32:KERNEL32.dll
 0000:fffe5000       .debug$S                   00400000     kernel32:KERNEL32.dll
 0000:fffe5000       .debug$S                   00400000     kernel32:KERNEL32.dll
 0000:fffe5000       .debug$S                   00400000     kernel32:KERNEL32.dll
 0000:fffe5000       .debug$S                   00400000     kernel32:KERNEL32.dll
 0000:fffe5000       .debug$S                   00400000     kernel32:KERNEL32.dll
 0000:fffe5000       .debug$S                   00400000     kernel32:KERNEL32.dll
 0000:fffe5000       .debug$S                   00400000     kernel32:KERNEL32.dll
 0000:fffe5000       .debug$S                   00400000     kernel32:KERNEL32.dll
 0000:fffe5000       .debug$S                   00400000     kernel32:KERNEL32.dll
 0000:fffe5000       .debug$S                   00400000     kernel32:KERNEL32.dll
 0000:fffe5000       .debug$S                   00400000     kernel32:KERNEL32.dll
 0000:fffe5000       .debug$S                   00400000     kernel32:KERNEL32.dll
 0000:fffe5000       .debug$S                   00400000     kernel32:KERNEL32.dll
 0000:fffe5000       .debug$S                   00400000     kernel32:KERNEL32.dll
 0000:fffe5000       .debug$S                   00400000     kernel32:KERNEL32.dll
 0000:fffe5000       .debug$S                   00400000     kernel32:KERNEL32.dll
 0000:fffe5000       .debug$S                   00400000     kernel32:KERNEL32.dll
 0000:fffe5000       .debug$S                   00400000     kernel32:KERNEL32.dll
 0000:fffe5000       .debug$S                   00400000     kernel32:KERNEL32.dll
 0000:fffe5000       .debug$S                   00400000     kernel32:KERNEL32.dll
 0000:fffe5000       .debug$S                   00400000     kernel32:KERNEL32.dll
 0000:fffe5000       .debug$S                   00400000     kernel32:KERNEL32.dll
 0000:fffe5000       .debug$S                   00400000     kernel32:KERNEL32.dll
 0000:fffe5000       .debug$S                   00400000     kernel32:KERNEL32.dll
 0000:fffe5000       .debug$S                   00400000     kernel32:KERNEL32.dll
 0000:fffe5000       .debug$S                   00400000     kernel32:KERNEL32.dll
 0000:fffe5000       .debug$S                   00400000     kernel32:KERNEL32.dll
 0000:fffe5000       .debug$S                   00400000     kernel32:KERNEL32.dll
 0000:fffe5000       .debug$S                   00400000     kernel32:KERNEL32.dll
 0000:fffe5000       .debug$S                   00400000     kernel32:KERNEL32.dll
 0000:fffe5000       .debug$S                   00400000     kernel32:KERNEL32.dll
 0000:fffe5000       .debug$S                   00400000     kernel32:KERNEL32.dll
 0000:fffe5000       .debug$S                   00400000     kernel32:KERNEL32.dll
 0000:fffe5000       .debug$S                   00400000     kernel32:KERNEL32.dll
 0000:fffe5000       .debug$S                   00400000     kernel32:KERNEL32.dll
 0000:fffe5000       .debug$S                   00400000     tier0:tier0.dll
 0000:fffe5000       .debug$S                   00400000     tier0:tier0.dll
 0001:000008f0       $$000000                   004018f0     LIBCMT:strncpy.obj
 0001:00000a20       $$000000                   00401a20     LIBCMT:strstr.obj
 0001:000011ef       ___tmainCRTStartup         004021ef f   LIBCMT:crt0.obj
 0001:00001343       _fast_error_exit           00402343 f   LIBCMT:crt0.obj
 0001:00001640       $$000000                   00402640     LIBCMT:memmove.obj
 0001:00001890       LeadUpVec                  00402890     LIBCMT:memmove.obj
 0001:0000190c       UnwindUpVec                0040290c     LIBCMT:memmove.obj
 0001:00001978       TrailUpVec                 00402978     LIBCMT:memmove.obj
 0001:00001a1c       LeadDownVec                00402a1c     LIBCMT:memmove.obj
 0001:00001aa8       UnwindDownVec              00402aa8     LIBCMT:memmove.obj
 0001:00001b14       TrailDownVec               00402b14     LIBCMT:memmove.obj
 0001:00001c90       $$000000                   00402c90     LIBCMT:strchr.obj
 0001:00001dc0       $$000000                   00402dc0     LIBCMT:strncat.obj
 0001:00001f00       $$000000                   00402f00     LIBCMT:lldiv.obj
 0001:00001fb0       $$000000                   00402fb0     LIBCMT:llmul.obj
 0001:00001ff0       $$000000                   00402ff0     LIBCMT:llrem.obj
 0001:000020b0       $$000000                   004030b0     LIBCMT:memcpy.obj
 0001:00002300       LeadUpVec                  00403300     LIBCMT:memcpy.obj
 0001:0000237c       UnwindUpVec                0040337c     LIBCMT:memcpy.obj
 0001:000023e8       TrailUpVec                 004033e8     LIBCMT:memcpy.obj
 0001:0000248c       LeadDownVec                0040348c     LIBCMT:memcpy.obj
 0001:00002518       UnwindDownVec              00403518     LIBCMT:memcpy.obj
 0001:00002584       TrailDownVec               00403584     LIBCMT:memcpy.obj
 0001:00002700       $$000000                   00403700     LIBCMT:memset.obj
 0001:00002bb1       __cftoe2_l                 00403bb1 f   LIBCMT:cvt.obj
 0001:00002dd0       __cftof2_l                 00403dd0 f   LIBCMT:cvt.obj
 0001:00003206       __shift                    00404206 f   LIBCMT:cvt.obj
 0001:00003a37       _flsall                    00404a37 f   LIBCMT:fflush.obj
 0001:00003b20       $$000000                   00404b20     LIBCMT:sehprolg4.obj
 0001:00004490       $$000000                   00405490     LIBCMT:exsup4.obj
 0001:00004520       __unwind_handler4          00405520 f   LIBCMT:exsup4.obj
 0001:00005219       $LN277                     00406219     LIBCMT:output.obj
 0001:00005239       _write_char                00406239 f   LIBCMT:output.obj
 0001:00005281       _write_multi_char          00406281 f   LIBCMT:output.obj
 0001:000052ad       _write_string              004062ad f   LIBCMT:output.obj
 0001:00005af5       __initterm                 00406af5 f   LIBCMT:crt0dat.obj
 0001:00005b5f       _doexit                    00406b5f f   LIBCMT:crt0dat.obj
 0001:00005d6a       _parse_cmdline             00406d6a f   LIBCMT:stdargv.obj
 0001:000063a0       $$000000                   004073a0     LIBCMT:strcmp.obj
 0001:00006a91       ?CPtoLocaleName@@YAPB_WH@Z 00407a91 f   LIBCMT:mbctype.obj
 0001:00006acb       ?getSystemCP@@YAHH@Z       00407acb f   LIBCMT:mbctype.obj
 0001:00006b39       ?setSBCS@@YAXPAUthreadmbcinfostruct@@@Z 00407b39 f   LIBCMT:mbctype.obj
 0001:00006b98       ?setSBUpLow@@YAXPAUthreadmbcinfostruct@@@Z 00407b98 f   LIBCMT:mbctype.obj
 0001:00007260       ?__crtLCMapStringA_stat@@YAHPAUlocaleinfo_struct@@PB_WKPBDHPADHHH@Z 00408260 f   LIBCMT:a_map.obj
 0001:000076c0       $$000000                   004086c0     LIBCMT:strlen.obj
 0001:00007750       $$000000                   00408750     LIBCMT:strrchr.obj
 0001:00007be0       $$000000                   00408be0     LIBCMT:lldvrm.obj
 0001:00007cc0       $$000000                   00408cc0     LIBCMT:ullshr.obj
 0001:00009fb0       $$000000                   0040afb0     LIBCMT:exsup.obj
 0001:00009fd0       __unwind_handler           0040afd0 f   LIBCMT:exsup.obj
 0001:0000a280       $$000000                   0040b280     LIBCMT:ulldvrm.obj
 0001:0000a57f       __onexit_nolock            0040b57f f   LIBCMT:onexit.obj
 0001:0000a83d       _siglookup                 0040b83d f   LIBCMT:winsig.obj
 0001:0000a884       ?x_ismbbtype_l@@YAHPAUlocaleinfo_struct@@IHH@Z 0040b884 f   LIBCMT:ismbbyte.obj
 0001:0000b483       ?__crtGetStringTypeA_stat@@YAHPAUlocaleinfo_struct@@KPBDHPAGHH@Z 0040c483 f   LIBCMT:a_str.obj
 0001:0000b6f0       $$000000                   0040c6f0     LIBCMT:alloca16.obj
 0001:0000c978       $LN333                     0040d978     LIBCMT:strgtold.obj
 0001:0000d37c       ___hw_cw_sse2              0040e37c f   LIBCMT:ieee87.obj
 0001:0000d727       __hw_cw                    0040e727 f   LIBCMT:ieee87.obj
 0001:0000d810       $$000000                   0040e810     LIBCMT:chkstk.obj
 0001:0000d83b       ___createFile              0040e83b f   LIBCMT:wopen.obj
 0001:0000e020       $$000000                   0040f020     LIBCMT:strncmp.obj
 0001:0000e770       $$000000                   0040f770     LIBCMT:_strnicm.obj
 0002:00000154       _pinit                     00410154     LIBCMT:cpu_disp.obj
 0002:00000158       _pinit                     00410158     LIBCMT:_file.obj
 0002:0000015c       _pinit                     0041015c     LIBCMT:mbctype.obj
 0002:00000160       _pinit                     00410160     LIBCMT:onexit.obj
 0002:00000164       _pinit                     00410164     LIBCMT:crt0.obj
 0002:00000170       _pterm                     00410170     LIBCMT:wsetloca.obj
 0002:00000174       _pterm                     00410174     LIBCMT:initcon.obj
 0002:00000178       _pterm                     00410178     LIBCMT:_file.obj
 0002:000003b0       ?ccsField@?P@??_openfile@@9@9 004103b0     LIBCMT:_open.obj
 0002:000003b4       ?utf8encoding@?P@??_openfile@@9@9 004103b4     LIBCMT:_open.obj
 0002:000003bc       ?utf16encoding@?P@??_openfile@@9@9 004103bc     LIBCMT:_open.obj
 0002:000003c8       ?unicodeencoding@?P@??_openfile@@9@9 004103c8     LIBCMT:_open.obj
 0002:00000510       _rterrs                    00410510     LIBCMT:crt0msg.obj
 0002:00000f74       __mb_locale_names          00410f74     LIBCMT:mbctype.obj
 0002:00001310       __first_127char            00411310     LIBCMT:wsetloca.obj
 0002:000016cc       _GS_ExceptionPointers      004116cc     LIBCMT:gs_report.obj
 0002:00001750       _tokenTable                00411750     LIBCMT:undname.obj
 0002:00001788       _nameTable                 00411788     LIBCMT:undname.obj
 0002:000018c8       _rttiTable                 004118c8     LIBCMT:undname.obj
 0002:00004850       __sehtable$_fclose         00414850     LIBCMT:fclose.obj
 0002:00004870       __sehtable$_fgets          00414870     LIBCMT:fgets.obj
 0002:00004890       __sehtable$__fsopen        00414890     LIBCMT:fopen.obj
 0002:000048b0       __sehtable$_printf         004148b0     LIBCMT:printf.obj
 0002:000048d0       __sehtable$___tmainCRTStartup 004148d0     LIBCMT:crt0.obj
 0002:000048f0       __sehtable$__close         004148f0     LIBCMT:close.obj
 0002:00004910       __sehtable$_flsall         00414910     LIBCMT:fflush.obj
 0002:00004938       __sehtable$__ioinit        00414938     LIBCMT:ioinit.obj
 0002:00004958       __sehtable$__getstream     00414958     LIBCMT:stream.obj
 0002:00004978       __sehtable$__freefls@4     00414978     LIBCMT:tidtable.obj
 0002:000049a0       __sehtable$__initptd       004149a0     LIBCMT:tidtable.obj
 0002:000049c8       __sehtable$_doexit         004149c8     LIBCMT:crt0dat.obj
 0002:000049e8       __sehtable$___updatetlocinfo 004149e8     LIBCMT:localref.obj
 0002:00004a08       __sehtable$___updatetmbcinfo 00414a08     LIBCMT:mbctype.obj
 0002:00004a28       __sehtable$__setmbcp       00414a28     LIBCMT:mbctype.obj
 0002:00004a48       __sehtable$__locterm       00414a48     LIBCMT:wsetloca.obj
 0002:00004a68       __sehtable$__fcloseall     00414a68     LIBCMT:closeall.obj
 0002:00004a88       __sehtable$__mtinitlocknum 00414a88     LIBCMT:mlock.obj
 0002:00004aa8       __sehtable$__alloc_osfhnd  00414aa8     LIBCMT:osfinfo.obj
 0002:00004ad0       __sehtable$___lock_fhandle 00414ad0     LIBCMT:osfinfo.obj
 0002:00004af0       __sehtable$__commit        00414af0     LIBCMT:commit.obj
 0002:00004b10       __sehtable$__write         00414b10     LIBCMT:write.obj
 0002:00004b30       __sehtable$__IsNonwritableInCurrentImage 00414b30     LIBCMT:pesect.obj
 0002:00004b50       __sehtable$__read          00414b50     LIBCMT:read.obj
 0002:00004b70       __sehtable$__sopen_helper  00414b70     LIBCMT:open.obj
 0002:00004b90       __sehtable$?terminate@@YAXXZ 00414b90     LIBCMT:hooks.obj
 0002:00004bb0       __sehtable$__onexit        00414bb0     LIBCMT:onexit.obj
 0002:00004bd0       __sehtable$_raise          00414bd0     LIBCMT:winsig.obj
 0002:00004bf0       __sehtable$__lseeki64      00414bf0     LIBCMT:lseeki64.obj
 0002:00004c10       __sehtable$___set_fpsr_sse2 00414c10     LIBCMT:fpctrl.obj
 0002:00004c30       .edata                     00414c30     Vrad_launcher.exp
 0002:00004c58       rgpv                       00414c58     Vrad_launcher.exp
 0002:00004c5c       rgszName                   00414c5c     Vrad_launcher.exp
 0002:00004c60       rgwOrd                     00414c60     Vrad_launcher.exp
 0002:00004c62       szName                     00414c62     Vrad_launcher.exp
 0002:00004c6b       $N00001                    00414c6b     Vrad_launcher.exp
 0002:00004e2e       .idata$6                   00414e2e     kernel32:KERNEL32.dll
 0002:00004e50       .idata$6                   00414e50     tier0:tier0.dll
 0003:00000000       _vec2_invalid              00416000     stdafx.obj
 0003:00000008       _s_BackSlashMap            00416008     tier1:strtools.obj
 0003:00000014       _vec2_invalid              00416014     tier1:strtools.obj
 0003:000002e0       _errtable                  004162e0     LIBCMT:dosmap.obj
 0003:00000448       _ErrnoNoMem                00416448     LIBCMT:dosmap.obj
 0003:0000044c       _DoserrorNoMem             0041644c     LIBCMT:dosmap.obj
 0003:000008d8       ___rgctypeflag             004168d8     LIBCMT:mbctype.obj
 0003:000008e0       ___rgcode_page_info        004168e0     LIBCMT:mbctype.obj
 0003:00000bfc       __ctype_loc_style          00416bfc     LIBCMT:wsetloca.obj
 0003:00000c00       ?isPackaged@?1??__crtIsPackagedApp@@9@9 00416c00     LIBCMT:winapisupp.obj
 0003:00000c08       __locktable                00416c08     LIBCMT:mlock.obj
 0003:00000ea8       _DoubleFormat              00416ea8     LIBCMT:intrncvt.obj
 0003:00000ec0       _FloatFormat               00416ec0     LIBCMT:intrncvt.obj
 0003:000011a4       _over                      004171a4     LIBCMT:fpctrl.obj
 0003:000011b0       _under                     004171b0     LIBCMT:fpctrl.obj
 0003:000011bc       ?__DAZ_ENABLED@?1??__set_fpsr_sse2@@9@9 004171bc     LIBCMT:fpctrl.obj
 0003:000011e4       _vec2_origin               004171e4     stdafx.obj
 0003:000011f0       ?err@?1??GetLastErrorString@@YAPADXZ@4PADA 004171f0     vrad_launcher.obj
 0003:000019f4       _vec2_origin               004179f4     tier1:strtools.obj
 0003:00001a00       ___enable_percent_n        00417a00     LIBCMT:printf.obj
 0003:00001b60       ?_pgmname@?1??_setargv@@9@9 00417b60     LIBCMT:stdargv.obj
 0003:00001c70       ?outmsg@?9??_NMSG_WRITE@@9@9 00417c70     LIBCMT:crt0msg.obj
 0003:0000229c       ___type_info_root_node     0041829c     LIBCMT:typname.obj
 0003:000022c4       _fSystemSet                004182c4     LIBCMT:mbctype.obj
 0003:000022d0       _lclcritsects              004182d0     LIBCMT:mlock.obj
 0003:00002428       _GS_ExceptionRecord        00418428     LIBCMT:gs_report.obj
 0003:00002478       _GS_ContextRecord          00418478     LIBCMT:gs_report.obj
 0003:00002744       _DebuggerWasPresent        00418744     LIBCMT:gs_report.obj
 0003:00002750       _ctrlc_action              00418750     LIBCMT:winsig.obj
 0003:00002754       _ctrlbreak_action          00418754     LIBCMT:winsig.obj
 0003:00002758       _abort_action              00418758     LIBCMT:winsig.obj
 0003:0000275c       _term_action               0041875c     LIBCMT:winsig.obj
 0003:00002760       _ConsoleCtrlHandler_Installed 00418760     LIBCMT:winsig.obj
 0003:00002764       _g_pfnRtlGenRandom         00418764     LIBCMT:rand_s.obj
 0003:00002768       ?pfnMessageBox@?1??__crtMessageBoxW@@9@9 00418768     LIBCMT:crtmboxw.obj
 0003:0000276c       ?pfnGetActiveWindow@?1??__crtMessageBoxW@@9@9 0041876c     LIBCMT:crtmboxw.obj
 0003:00002770       ?pfnGetLastActivePopup@?1??__crtMessageBoxW@@9@9 00418770     LIBCMT:crtmboxw.obj
 0003:00002774       ?pfnGetProcessWindowStation@?1??__crtMessageBoxW@@9@9 00418774     LIBCMT:crtmboxw.obj
 0003:00002778       ?pfnGetUserObjectInformation@?1??__crtMessageBoxW@@9@9 00418778     LIBCMT:crtmboxw.obj
 0003:000027a4       _heap                      004187a4     LIBCMT:undname.obj
 0003:000027c4       ___crtCallProc             004187c4     LIBCMT:winapinls.obj
